{"id":1,"timestamp":"2026-04-04T20:20:39.825Z","event":"call","file":"hello_world.js","file_path":"/project/workspace/tracegraph/examples/hello_world.js","line":3,"column":5,"method":"Greeter","function":"Greeter","app_code":true,"stack_depth":10,"script_id":"128","source":"    this.name = name","reason":"other","async_id":561,"trigger_async_id":554,"async_type":"PROMISE","locals":{"name":{"value":"\"World\"","type":"string","object_id":null}},"closure_vars":{"Greeter":{"value":"class Greeter {\n  constructor(name) {\n    this.name = name\n    this.greetCount = 0\n  }\n\n  greet() {\n    this.greetCount += 1\n    const message = `Hello, ${this.name}!`\n    console.log(message)\n    ...","type":"Function","object_id":"6941160921133086031.1.41"}},"this_value":{"value":"Greeter","type":"Greeter","object_id":"6941160921133086031.1.4"}}
{"id":2,"timestamp":"2026-04-04T20:20:39.824Z","event":"async_init","app_code":false,"async_id":554,"trigger_async_id":545,"async_type":"PROMISE"}
{"id":3,"timestamp":"2026-04-04T20:20:39.824Z","event":"async_init","app_code":false,"async_id":555,"trigger_async_id":545,"async_type":"PROMISE"}
{"id":4,"timestamp":"2026-04-04T20:20:39.824Z","event":"async_init","app_code":false,"async_id":556,"trigger_async_id":545,"async_type":"PROMISE"}
{"id":5,"timestamp":"2026-04-04T20:20:39.824Z","event":"async_init","app_code":false,"async_id":557,"trigger_async_id":545,"async_type":"PROMISE"}
{"id":6,"timestamp":"2026-04-04T20:20:39.824Z","event":"async_promise_resolve","app_code":false,"async_id":557,"trigger_async_id":545,"async_type":"PROMISE"}
{"id":7,"timestamp":"2026-04-04T20:20:39.824Z","event":"async_init","app_code":false,"async_id":558,"trigger_async_id":557,"async_type":"PROMISE"}
{"id":8,"timestamp":"2026-04-04T20:20:39.824Z","event":"async_init","app_code":false,"async_id":559,"trigger_async_id":556,"async_type":"PROMISE"}
{"id":9,"timestamp":"2026-04-04T20:20:39.824Z","event":"async_init","app_code":false,"async_id":560,"trigger_async_id":555,"async_type":"PROMISE"}
{"id":10,"timestamp":"2026-04-04T20:20:39.824Z","event":"async_init","app_code":false,"async_id":561,"trigger_async_id":554,"async_type":"PROMISE"}
{"id":11,"timestamp":"2026-04-04T20:20:39.824Z","event":"async_promise_resolve","app_code":false,"async_id":545,"trigger_async_id":529,"async_type":"PROMISE"}
{"id":12,"timestamp":"2026-04-04T20:20:39.824Z","event":"async_after","app_code":false,"async_id":545,"trigger_async_id":529,"async_type":"PROMISE"}
{"id":13,"timestamp":"2026-04-04T20:20:39.824Z","event":"async_before","app_code":false,"async_id":558,"trigger_async_id":557,"async_type":"PROMISE"}
{"id":14,"timestamp":"2026-04-04T20:20:39.824Z","event":"async_promise_resolve","app_code":false,"async_id":556,"trigger_async_id":545,"async_type":"PROMISE"}
{"id":15,"timestamp":"2026-04-04T20:20:39.824Z","event":"async_promise_resolve","app_code":false,"async_id":558,"trigger_async_id":557,"async_type":"PROMISE"}
{"id":16,"timestamp":"2026-04-04T20:20:39.824Z","event":"async_after","app_code":false,"async_id":558,"trigger_async_id":557,"async_type":"PROMISE"}
{"id":17,"timestamp":"2026-04-04T20:20:39.824Z","event":"async_before","app_code":false,"async_id":559,"trigger_async_id":556,"async_type":"PROMISE"}
{"id":18,"timestamp":"2026-04-04T20:20:39.824Z","event":"async_promise_resolve","app_code":false,"async_id":555,"trigger_async_id":545,"async_type":"PROMISE"}
{"id":19,"timestamp":"2026-04-04T20:20:39.824Z","event":"async_promise_resolve","app_code":false,"async_id":559,"trigger_async_id":556,"async_type":"PROMISE"}
{"id":20,"timestamp":"2026-04-04T20:20:39.824Z","event":"async_after","app_code":false,"async_id":559,"trigger_async_id":556,"async_type":"PROMISE"}
{"id":21,"timestamp":"2026-04-04T20:20:39.824Z","event":"async_before","app_code":false,"async_id":560,"trigger_async_id":555,"async_type":"PROMISE"}
{"id":22,"timestamp":"2026-04-04T20:20:39.824Z","event":"async_init","app_code":false,"async_id":562,"trigger_async_id":560,"async_type":"PROMISE"}
{"id":23,"timestamp":"2026-04-04T20:20:39.824Z","event":"async_init","app_code":false,"async_id":563,"trigger_async_id":560,"async_type":"PROMISE"}
{"id":24,"timestamp":"2026-04-04T20:20:39.825Z","event":"async_init","app_code":false,"async_id":564,"trigger_async_id":560,"async_type":"PROMISE"}
{"id":25,"timestamp":"2026-04-04T20:20:39.825Z","event":"async_promise_resolve","app_code":false,"async_id":564,"trigger_async_id":560,"async_type":"PROMISE"}
{"id":26,"timestamp":"2026-04-04T20:20:39.825Z","event":"async_init","app_code":false,"async_id":565,"trigger_async_id":564,"async_type":"PROMISE"}
{"id":27,"timestamp":"2026-04-04T20:20:39.825Z","event":"async_init","app_code":false,"async_id":566,"trigger_async_id":563,"async_type":"PROMISE"}
{"id":28,"timestamp":"2026-04-04T20:20:39.825Z","event":"async_init","app_code":false,"async_id":567,"trigger_async_id":562,"async_type":"PROMISE"}
{"id":29,"timestamp":"2026-04-04T20:20:39.825Z","event":"async_promise_resolve","app_code":false,"async_id":560,"trigger_async_id":555,"async_type":"PROMISE"}
{"id":30,"timestamp":"2026-04-04T20:20:39.825Z","event":"async_after","app_code":false,"async_id":560,"trigger_async_id":555,"async_type":"PROMISE"}
{"id":31,"timestamp":"2026-04-04T20:20:39.825Z","event":"async_before","app_code":false,"async_id":565,"trigger_async_id":564,"async_type":"PROMISE"}
{"id":32,"timestamp":"2026-04-04T20:20:39.825Z","event":"async_promise_resolve","app_code":false,"async_id":563,"trigger_async_id":560,"async_type":"PROMISE"}
{"id":33,"timestamp":"2026-04-04T20:20:39.825Z","event":"async_promise_resolve","app_code":false,"async_id":565,"trigger_async_id":564,"async_type":"PROMISE"}
{"id":34,"timestamp":"2026-04-04T20:20:39.825Z","event":"async_after","app_code":false,"async_id":565,"trigger_async_id":564,"async_type":"PROMISE"}
{"id":35,"timestamp":"2026-04-04T20:20:39.825Z","event":"async_before","app_code":false,"async_id":566,"trigger_async_id":563,"async_type":"PROMISE"}
{"id":36,"timestamp":"2026-04-04T20:20:39.825Z","event":"async_promise_resolve","app_code":false,"async_id":562,"trigger_async_id":560,"async_type":"PROMISE"}
{"id":37,"timestamp":"2026-04-04T20:20:39.825Z","event":"async_promise_resolve","app_code":false,"async_id":566,"trigger_async_id":563,"async_type":"PROMISE"}
{"id":38,"timestamp":"2026-04-04T20:20:39.825Z","event":"async_after","app_code":false,"async_id":566,"trigger_async_id":563,"async_type":"PROMISE"}
{"id":39,"timestamp":"2026-04-04T20:20:39.825Z","event":"async_before","app_code":false,"async_id":567,"trigger_async_id":562,"async_type":"PROMISE"}
{"id":40,"timestamp":"2026-04-04T20:20:39.825Z","event":"async_promise_resolve","app_code":false,"async_id":554,"trigger_async_id":545,"async_type":"PROMISE"}
{"id":41,"timestamp":"2026-04-04T20:20:39.825Z","event":"async_promise_resolve","app_code":false,"async_id":567,"trigger_async_id":562,"async_type":"PROMISE"}
{"id":42,"timestamp":"2026-04-04T20:20:39.825Z","event":"async_after","app_code":false,"async_id":567,"trigger_async_id":562,"async_type":"PROMISE"}
{"id":43,"timestamp":"2026-04-04T20:20:39.825Z","event":"async_before","app_code":false,"async_id":561,"trigger_async_id":554,"async_type":"PROMISE"}
{"id":44,"timestamp":"2026-04-04T20:20:39.825Z","event":"async_init","app_code":false,"async_id":568,"trigger_async_id":561,"async_type":"PROMISE"}
{"id":45,"timestamp":"2026-04-04T20:20:39.825Z","event":"async_init","app_code":false,"async_id":569,"trigger_async_id":561,"async_type":"PROMISE"}
{"id":46,"timestamp":"2026-04-04T20:20:39.825Z","event":"async_promise_resolve","app_code":false,"async_id":569,"trigger_async_id":561,"async_type":"PROMISE"}
{"id":47,"timestamp":"2026-04-04T20:20:39.825Z","event":"async_init","app_code":false,"async_id":570,"trigger_async_id":569,"async_type":"PROMISE"}
{"id":48,"timestamp":"2026-04-04T20:20:39.825Z","event":"async_init","app_code":false,"async_id":571,"trigger_async_id":568,"async_type":"PROMISE"}
{"id":49,"timestamp":"2026-04-04T20:20:39.825Z","event":"async_promise_resolve","app_code":false,"async_id":561,"trigger_async_id":554,"async_type":"PROMISE"}
{"id":50,"timestamp":"2026-04-04T20:20:39.825Z","event":"async_after","app_code":false,"async_id":561,"trigger_async_id":554,"async_type":"PROMISE"}
{"id":51,"timestamp":"2026-04-04T20:20:39.825Z","event":"async_before","app_code":false,"async_id":570,"trigger_async_id":569,"async_type":"PROMISE"}
{"id":52,"timestamp":"2026-04-04T20:20:39.825Z","event":"async_promise_resolve","app_code":false,"async_id":568,"trigger_async_id":561,"async_type":"PROMISE"}
{"id":53,"timestamp":"2026-04-04T20:20:39.825Z","event":"async_promise_resolve","app_code":false,"async_id":570,"trigger_async_id":569,"async_type":"PROMISE"}
{"id":54,"timestamp":"2026-04-04T20:20:39.825Z","event":"async_after","app_code":false,"async_id":570,"trigger_async_id":569,"async_type":"PROMISE"}
{"id":55,"timestamp":"2026-04-04T20:20:39.825Z","event":"async_before","app_code":false,"async_id":571,"trigger_async_id":568,"async_type":"PROMISE"}
{"id":56,"timestamp":"2026-04-04T20:20:39.825Z","event":"async_promise_resolve","app_code":false,"async_id":544,"trigger_async_id":532,"async_type":"PROMISE"}
{"id":57,"timestamp":"2026-04-04T20:20:39.825Z","event":"async_promise_resolve","app_code":false,"async_id":571,"trigger_async_id":568,"async_type":"PROMISE"}
{"id":58,"timestamp":"2026-04-04T20:20:39.825Z","event":"async_after","app_code":false,"async_id":571,"trigger_async_id":568,"async_type":"PROMISE"}
{"id":59,"timestamp":"2026-04-04T20:20:39.825Z","event":"async_before","app_code":false,"async_id":550,"trigger_async_id":544,"async_type":"PROMISE"}
{"id":60,"timestamp":"2026-04-04T20:20:39.825Z","event":"async_promise_resolve","app_code":false,"async_id":532,"trigger_async_id":531,"async_type":"PROMISE"}
{"id":61,"timestamp":"2026-04-04T20:20:39.825Z","event":"async_promise_resolve","app_code":false,"async_id":550,"trigger_async_id":544,"async_type":"PROMISE"}
{"id":62,"timestamp":"2026-04-04T20:20:39.825Z","event":"async_after","app_code":false,"async_id":550,"trigger_async_id":544,"async_type":"PROMISE"}
{"id":63,"timestamp":"2026-04-04T20:20:39.825Z","event":"async_before","app_code":false,"async_id":533,"trigger_async_id":532,"async_type":"PROMISE"}
{"id":64,"timestamp":"2026-04-04T20:20:39.825Z","event":"async_promise_resolve","app_code":false,"async_id":533,"trigger_async_id":532,"async_type":"PROMISE"}
{"id":65,"timestamp":"2026-04-04T20:20:39.825Z","event":"async_after","app_code":false,"async_id":533,"trigger_async_id":532,"async_type":"PROMISE"}
{"id":66,"timestamp":"2026-04-04T20:20:39.825Z","event":"async_before","app_code":false,"async_id":534,"trigger_async_id":278,"async_type":"TickObject"}
{"id":67,"timestamp":"2026-04-04T20:20:39.825Z","event":"async_after","app_code":false,"async_id":534,"trigger_async_id":278,"async_type":"TickObject"}
{"id":68,"timestamp":"2026-04-04T20:20:39.826Z","event":"async_before","app_code":false,"async_id":547,"trigger_async_id":536,"async_type":"Timeout"}
{"id":69,"timestamp":"2026-04-04T20:20:39.826Z","event":"async_promise_resolve","app_code":false,"async_id":546,"trigger_async_id":536,"async_type":"PROMISE"}
{"id":70,"timestamp":"2026-04-04T20:20:39.826Z","event":"async_after","app_code":false,"async_id":547,"trigger_async_id":536,"async_type":"Timeout"}
{"id":71,"timestamp":"2026-04-04T20:20:39.826Z","event":"async_before","app_code":false,"async_id":548,"trigger_async_id":546,"async_type":"PROMISE"}
{"id":72,"timestamp":"2026-04-04T20:20:39.826Z","event":"async_init","app_code":false,"async_id":572,"trigger_async_id":548,"async_type":"TickObject"}
{"id":73,"timestamp":"2026-04-04T20:20:39.826Z","event":"async_promise_resolve","app_code":false,"async_id":530,"trigger_async_id":278,"async_type":"PROMISE"}
{"id":74,"timestamp":"2026-04-04T20:20:39.826Z","event":"async_promise_resolve","app_code":false,"async_id":548,"trigger_async_id":546,"async_type":"PROMISE"}
{"id":75,"timestamp":"2026-04-04T20:20:39.826Z","event":"async_after","app_code":false,"async_id":548,"trigger_async_id":546,"async_type":"PROMISE"}
{"id":76,"timestamp":"2026-04-04T20:20:39.826Z","event":"async_before","app_code":false,"async_id":572,"trigger_async_id":548,"async_type":"TickObject"}
{"id":77,"timestamp":"2026-04-04T20:20:39.826Z","event":"async_after","app_code":false,"async_id":572,"trigger_async_id":548,"async_type":"TickObject"}
{"id":78,"timestamp":"2026-04-04T20:20:39.826Z","event":"async_destroy","app_code":false,"async_id":4,"trigger_async_id":null,"async_type":null}
{"id":79,"timestamp":"2026-04-04T20:20:39.826Z","event":"async_destroy","app_code":false,"async_id":5,"trigger_async_id":1,"async_type":"PROMISE"}
{"id":80,"timestamp":"2026-04-04T20:20:39.826Z","event":"async_destroy","app_code":false,"async_id":6,"trigger_async_id":5,"async_type":"PROMISE"}
{"id":81,"timestamp":"2026-04-04T20:20:39.826Z","event":"async_destroy","app_code":false,"async_id":11,"trigger_async_id":6,"async_type":"PROMISE"}
{"id":82,"timestamp":"2026-04-04T20:20:39.826Z","event":"async_destroy","app_code":false,"async_id":13,"trigger_async_id":12,"async_type":"PROMISE"}
{"id":83,"timestamp":"2026-04-04T20:20:39.826Z","event":"async_destroy","app_code":false,"async_id":14,"trigger_async_id":13,"async_type":"PROMISE"}
{"id":84,"timestamp":"2026-04-04T20:20:39.826Z","event":"async_destroy","app_code":false,"async_id":15,"trigger_async_id":14,"async_type":"PROMISE"}
{"id":85,"timestamp":"2026-04-04T20:20:39.826Z","event":"async_destroy","app_code":false,"async_id":16,"trigger_async_id":15,"async_type":"PROMISE"}
{"id":86,"timestamp":"2026-04-04T20:20:39.826Z","event":"async_destroy","app_code":false,"async_id":17,"trigger_async_id":16,"async_type":"PROMISE"}
{"id":87,"timestamp":"2026-04-04T20:20:39.826Z","event":"async_destroy","app_code":false,"async_id":18,"trigger_async_id":17,"async_type":"PROMISE"}
{"id":88,"timestamp":"2026-04-04T20:20:39.826Z","event":"async_destroy","app_code":false,"async_id":219,"trigger_async_id":11,"async_type":"PROMISE"}
{"id":89,"timestamp":"2026-04-04T20:20:39.826Z","event":"async_destroy","app_code":false,"async_id":222,"trigger_async_id":13,"async_type":"PROMISE"}
{"id":90,"timestamp":"2026-04-04T20:20:39.826Z","event":"async_destroy","app_code":false,"async_id":223,"trigger_async_id":219,"async_type":"PROMISE"}
{"id":91,"timestamp":"2026-04-04T20:20:39.826Z","event":"async_destroy","app_code":false,"async_id":224,"trigger_async_id":223,"async_type":"PROMISE"}
{"id":92,"timestamp":"2026-04-04T20:20:39.826Z","event":"async_destroy","app_code":false,"async_id":225,"trigger_async_id":222,"async_type":"PROMISE"}
{"id":93,"timestamp":"2026-04-04T20:20:39.826Z","event":"async_destroy","app_code":false,"async_id":226,"trigger_async_id":224,"async_type":"PROMISE"}
{"id":94,"timestamp":"2026-04-04T20:20:39.826Z","event":"async_destroy","app_code":false,"async_id":227,"trigger_async_id":224,"async_type":"PROMISE"}
{"id":95,"timestamp":"2026-04-04T20:20:39.826Z","event":"async_destroy","app_code":false,"async_id":228,"trigger_async_id":227,"async_type":"PROMISE"}
{"id":96,"timestamp":"2026-04-04T20:20:39.826Z","event":"async_destroy","app_code":false,"async_id":229,"trigger_async_id":226,"async_type":"PROMISE"}
{"id":97,"timestamp":"2026-04-04T20:20:39.826Z","event":"async_destroy","app_code":false,"async_id":230,"trigger_async_id":229,"async_type":"PROMISE"}
{"id":98,"timestamp":"2026-04-04T20:20:39.826Z","event":"async_destroy","app_code":false,"async_id":231,"trigger_async_id":230,"async_type":"PROMISE"}
{"id":99,"timestamp":"2026-04-04T20:20:39.826Z","event":"async_destroy","app_code":false,"async_id":232,"trigger_async_id":15,"async_type":"PROMISE"}
{"id":100,"timestamp":"2026-04-04T20:20:39.826Z","event":"async_destroy","app_code":false,"async_id":245,"trigger_async_id":231,"async_type":"PROMISE"}
{"id":101,"timestamp":"2026-04-04T20:20:39.826Z","event":"async_destroy","app_code":false,"async_id":254,"trigger_async_id":245,"async_type":"PROMISE"}
{"id":102,"timestamp":"2026-04-04T20:20:39.826Z","event":"async_destroy","app_code":false,"async_id":255,"trigger_async_id":254,"async_type":"PROMISE"}
{"id":103,"timestamp":"2026-04-04T20:20:39.826Z","event":"async_destroy","app_code":false,"async_id":256,"trigger_async_id":245,"async_type":"PROMISE"}
{"id":104,"timestamp":"2026-04-04T20:20:39.826Z","event":"async_destroy","app_code":false,"async_id":258,"trigger_async_id":232,"async_type":"PROMISE"}
{"id":105,"timestamp":"2026-04-04T20:20:39.826Z","event":"async_destroy","app_code":false,"async_id":263,"trigger_async_id":255,"async_type":"PROMISE"}
{"id":106,"timestamp":"2026-04-04T20:20:39.826Z","event":"async_destroy","app_code":false,"async_id":266,"trigger_async_id":255,"async_type":"PROMISE"}
{"id":107,"timestamp":"2026-04-04T20:20:39.826Z","event":"async_destroy","app_code":false,"async_id":267,"trigger_async_id":266,"async_type":"PROMISE"}
{"id":108,"timestamp":"2026-04-04T20:20:39.826Z","event":"async_destroy","app_code":false,"async_id":268,"trigger_async_id":263,"async_type":"PROMISE"}
{"id":109,"timestamp":"2026-04-04T20:20:39.826Z","event":"async_destroy","app_code":false,"async_id":289,"trigger_async_id":17,"async_type":"PROMISE"}
{"id":110,"timestamp":"2026-04-04T20:20:39.826Z","event":"async_destroy","app_code":false,"async_id":291,"trigger_async_id":289,"async_type":"PROMISE"}
{"id":111,"timestamp":"2026-04-04T20:20:39.826Z","event":"async_destroy","app_code":false,"async_id":19,"trigger_async_id":18,"async_type":"PROMISE"}
{"id":112,"timestamp":"2026-04-04T20:20:39.826Z","event":"async_destroy","app_code":false,"async_id":20,"trigger_async_id":19,"async_type":"PROMISE"}
{"id":113,"timestamp":"2026-04-04T20:20:39.826Z","event":"async_destroy","app_code":false,"async_id":21,"trigger_async_id":20,"async_type":"PROMISE"}
{"id":114,"timestamp":"2026-04-04T20:20:39.826Z","event":"async_destroy","app_code":false,"async_id":22,"trigger_async_id":21,"async_type":"PROMISE"}
{"id":115,"timestamp":"2026-04-04T20:20:39.826Z","event":"async_destroy","app_code":false,"async_id":23,"trigger_async_id":22,"async_type":"PROMISE"}
{"id":116,"timestamp":"2026-04-04T20:20:39.826Z","event":"async_destroy","app_code":false,"async_id":24,"trigger_async_id":23,"async_type":"PROMISE"}
{"id":117,"timestamp":"2026-04-04T20:20:39.826Z","event":"async_destroy","app_code":false,"async_id":25,"trigger_async_id":24,"async_type":"PROMISE"}
{"id":118,"timestamp":"2026-04-04T20:20:39.826Z","event":"async_destroy","app_code":false,"async_id":26,"trigger_async_id":25,"async_type":"PROMISE"}
{"id":119,"timestamp":"2026-04-04T20:20:39.826Z","event":"async_destroy","app_code":false,"async_id":27,"trigger_async_id":26,"async_type":"PROMISE"}
{"id":120,"timestamp":"2026-04-04T20:20:39.826Z","event":"async_destroy","app_code":false,"async_id":28,"trigger_async_id":27,"async_type":"PROMISE"}
{"id":121,"timestamp":"2026-04-04T20:20:39.826Z","event":"async_destroy","app_code":false,"async_id":29,"trigger_async_id":28,"async_type":"PROMISE"}
{"id":122,"timestamp":"2026-04-04T20:20:39.826Z","event":"async_destroy","app_code":false,"async_id":30,"trigger_async_id":29,"async_type":"PROMISE"}
{"id":123,"timestamp":"2026-04-04T20:20:39.826Z","event":"async_destroy","app_code":false,"async_id":31,"trigger_async_id":30,"async_type":"PROMISE"}
{"id":124,"timestamp":"2026-04-04T20:20:39.826Z","event":"async_destroy","app_code":false,"async_id":32,"trigger_async_id":31,"async_type":"PROMISE"}
{"id":125,"timestamp":"2026-04-04T20:20:39.826Z","event":"async_destroy","app_code":false,"async_id":33,"trigger_async_id":32,"async_type":"PROMISE"}
{"id":126,"timestamp":"2026-04-04T20:20:39.826Z","event":"async_destroy","app_code":false,"async_id":34,"trigger_async_id":33,"async_type":"PROMISE"}
{"id":127,"timestamp":"2026-04-04T20:20:39.826Z","event":"async_destroy","app_code":false,"async_id":35,"trigger_async_id":34,"async_type":"PROMISE"}
{"id":128,"timestamp":"2026-04-04T20:20:39.826Z","event":"async_destroy","app_code":false,"async_id":36,"trigger_async_id":35,"async_type":"PROMISE"}
{"id":129,"timestamp":"2026-04-04T20:20:39.826Z","event":"async_destroy","app_code":false,"async_id":37,"trigger_async_id":36,"async_type":"PROMISE"}
{"id":130,"timestamp":"2026-04-04T20:20:39.826Z","event":"async_destroy","app_code":false,"async_id":38,"trigger_async_id":37,"async_type":"PROMISE"}
{"id":131,"timestamp":"2026-04-04T20:20:39.826Z","event":"async_destroy","app_code":false,"async_id":39,"trigger_async_id":38,"async_type":"PROMISE"}
{"id":132,"timestamp":"2026-04-04T20:20:39.826Z","event":"async_destroy","app_code":false,"async_id":40,"trigger_async_id":39,"async_type":"PROMISE"}
{"id":133,"timestamp":"2026-04-04T20:20:39.826Z","event":"async_destroy","app_code":false,"async_id":41,"trigger_async_id":40,"async_type":"PROMISE"}
{"id":134,"timestamp":"2026-04-04T20:20:39.826Z","event":"async_destroy","app_code":false,"async_id":42,"trigger_async_id":41,"async_type":"PROMISE"}
{"id":135,"timestamp":"2026-04-04T20:20:39.826Z","event":"async_destroy","app_code":false,"async_id":43,"trigger_async_id":42,"async_type":"PROMISE"}
{"id":136,"timestamp":"2026-04-04T20:20:39.826Z","event":"async_destroy","app_code":false,"async_id":44,"trigger_async_id":43,"async_type":"PROMISE"}
{"id":137,"timestamp":"2026-04-04T20:20:39.826Z","event":"async_destroy","app_code":false,"async_id":45,"trigger_async_id":44,"async_type":"PROMISE"}
{"id":138,"timestamp":"2026-04-04T20:20:39.826Z","event":"async_destroy","app_code":false,"async_id":46,"trigger_async_id":45,"async_type":"PROMISE"}
{"id":139,"timestamp":"2026-04-04T20:20:39.826Z","event":"async_destroy","app_code":false,"async_id":47,"trigger_async_id":46,"async_type":"PROMISE"}
{"id":140,"timestamp":"2026-04-04T20:20:39.826Z","event":"async_destroy","app_code":false,"async_id":48,"trigger_async_id":47,"async_type":"PROMISE"}
{"id":141,"timestamp":"2026-04-04T20:20:39.826Z","event":"async_destroy","app_code":false,"async_id":49,"trigger_async_id":48,"async_type":"PROMISE"}
{"id":142,"timestamp":"2026-04-04T20:20:39.826Z","event":"async_destroy","app_code":false,"async_id":50,"trigger_async_id":49,"async_type":"PROMISE"}
{"id":143,"timestamp":"2026-04-04T20:20:39.826Z","event":"async_destroy","app_code":false,"async_id":51,"trigger_async_id":50,"async_type":"PROMISE"}
{"id":144,"timestamp":"2026-04-04T20:20:39.826Z","event":"async_destroy","app_code":false,"async_id":52,"trigger_async_id":51,"async_type":"PROMISE"}
{"id":145,"timestamp":"2026-04-04T20:20:39.826Z","event":"async_destroy","app_code":false,"async_id":53,"trigger_async_id":52,"async_type":"PROMISE"}
{"id":146,"timestamp":"2026-04-04T20:20:39.826Z","event":"async_destroy","app_code":false,"async_id":54,"trigger_async_id":53,"async_type":"PROMISE"}
{"id":147,"timestamp":"2026-04-04T20:20:39.826Z","event":"async_destroy","app_code":false,"async_id":55,"trigger_async_id":54,"async_type":"PROMISE"}
{"id":148,"timestamp":"2026-04-04T20:20:39.826Z","event":"async_destroy","app_code":false,"async_id":56,"trigger_async_id":55,"async_type":"PROMISE"}
{"id":149,"timestamp":"2026-04-04T20:20:39.826Z","event":"async_destroy","app_code":false,"async_id":57,"trigger_async_id":56,"async_type":"PROMISE"}
{"id":150,"timestamp":"2026-04-04T20:20:39.826Z","event":"async_destroy","app_code":false,"async_id":58,"trigger_async_id":57,"async_type":"PROMISE"}
{"id":151,"timestamp":"2026-04-04T20:20:39.826Z","event":"async_destroy","app_code":false,"async_id":59,"trigger_async_id":58,"async_type":"PROMISE"}
{"id":152,"timestamp":"2026-04-04T20:20:39.826Z","event":"async_destroy","app_code":false,"async_id":60,"trigger_async_id":59,"async_type":"PROMISE"}
{"id":153,"timestamp":"2026-04-04T20:20:39.826Z","event":"async_destroy","app_code":false,"async_id":61,"trigger_async_id":60,"async_type":"PROMISE"}
{"id":154,"timestamp":"2026-04-04T20:20:39.826Z","event":"async_destroy","app_code":false,"async_id":62,"trigger_async_id":61,"async_type":"PROMISE"}
{"id":155,"timestamp":"2026-04-04T20:20:39.826Z","event":"async_destroy","app_code":false,"async_id":63,"trigger_async_id":62,"async_type":"PROMISE"}
{"id":156,"timestamp":"2026-04-04T20:20:39.826Z","event":"async_destroy","app_code":false,"async_id":64,"trigger_async_id":63,"async_type":"PROMISE"}
{"id":157,"timestamp":"2026-04-04T20:20:39.826Z","event":"async_destroy","app_code":false,"async_id":65,"trigger_async_id":64,"async_type":"PROMISE"}
{"id":158,"timestamp":"2026-04-04T20:20:39.826Z","event":"async_destroy","app_code":false,"async_id":66,"trigger_async_id":65,"async_type":"PROMISE"}
{"id":159,"timestamp":"2026-04-04T20:20:39.826Z","event":"async_destroy","app_code":false,"async_id":67,"trigger_async_id":66,"async_type":"PROMISE"}
{"id":160,"timestamp":"2026-04-04T20:20:39.826Z","event":"async_destroy","app_code":false,"async_id":68,"trigger_async_id":67,"async_type":"PROMISE"}
{"id":161,"timestamp":"2026-04-04T20:20:39.826Z","event":"async_destroy","app_code":false,"async_id":69,"trigger_async_id":68,"async_type":"PROMISE"}
{"id":162,"timestamp":"2026-04-04T20:20:39.826Z","event":"async_destroy","app_code":false,"async_id":70,"trigger_async_id":69,"async_type":"PROMISE"}
{"id":163,"timestamp":"2026-04-04T20:20:39.826Z","event":"async_destroy","app_code":false,"async_id":71,"trigger_async_id":70,"async_type":"PROMISE"}
{"id":164,"timestamp":"2026-04-04T20:20:39.826Z","event":"async_destroy","app_code":false,"async_id":72,"trigger_async_id":71,"async_type":"PROMISE"}
{"id":165,"timestamp":"2026-04-04T20:20:39.826Z","event":"async_destroy","app_code":false,"async_id":73,"trigger_async_id":72,"async_type":"PROMISE"}
{"id":166,"timestamp":"2026-04-04T20:20:39.826Z","event":"async_destroy","app_code":false,"async_id":74,"trigger_async_id":73,"async_type":"PROMISE"}
{"id":167,"timestamp":"2026-04-04T20:20:39.826Z","event":"async_destroy","app_code":false,"async_id":75,"trigger_async_id":74,"async_type":"PROMISE"}
{"id":168,"timestamp":"2026-04-04T20:20:39.826Z","event":"async_destroy","app_code":false,"async_id":76,"trigger_async_id":75,"async_type":"PROMISE"}
{"id":169,"timestamp":"2026-04-04T20:20:39.826Z","event":"async_destroy","app_code":false,"async_id":77,"trigger_async_id":76,"async_type":"PROMISE"}
{"id":170,"timestamp":"2026-04-04T20:20:39.826Z","event":"async_destroy","app_code":false,"async_id":78,"trigger_async_id":77,"async_type":"PROMISE"}
{"id":171,"timestamp":"2026-04-04T20:20:39.826Z","event":"async_destroy","app_code":false,"async_id":79,"trigger_async_id":78,"async_type":"PROMISE"}
{"id":172,"timestamp":"2026-04-04T20:20:39.826Z","event":"async_destroy","app_code":false,"async_id":80,"trigger_async_id":79,"async_type":"PROMISE"}
{"id":173,"timestamp":"2026-04-04T20:20:39.826Z","event":"async_destroy","app_code":false,"async_id":81,"trigger_async_id":80,"async_type":"PROMISE"}
{"id":174,"timestamp":"2026-04-04T20:20:39.826Z","event":"async_destroy","app_code":false,"async_id":82,"trigger_async_id":81,"async_type":"PROMISE"}
{"id":175,"timestamp":"2026-04-04T20:20:39.826Z","event":"async_destroy","app_code":false,"async_id":83,"trigger_async_id":82,"async_type":"PROMISE"}
{"id":176,"timestamp":"2026-04-04T20:20:39.826Z","event":"async_destroy","app_code":false,"async_id":84,"trigger_async_id":83,"async_type":"PROMISE"}
{"id":177,"timestamp":"2026-04-04T20:20:39.826Z","event":"async_destroy","app_code":false,"async_id":85,"trigger_async_id":84,"async_type":"PROMISE"}
{"id":178,"timestamp":"2026-04-04T20:20:39.826Z","event":"async_destroy","app_code":false,"async_id":86,"trigger_async_id":85,"async_type":"PROMISE"}
{"id":179,"timestamp":"2026-04-04T20:20:39.826Z","event":"async_destroy","app_code":false,"async_id":87,"trigger_async_id":86,"async_type":"PROMISE"}
{"id":180,"timestamp":"2026-04-04T20:20:39.826Z","event":"async_destroy","app_code":false,"async_id":88,"trigger_async_id":87,"async_type":"PROMISE"}
{"id":181,"timestamp":"2026-04-04T20:20:39.826Z","event":"async_destroy","app_code":false,"async_id":89,"trigger_async_id":88,"async_type":"PROMISE"}
{"id":182,"timestamp":"2026-04-04T20:20:39.826Z","event":"async_destroy","app_code":false,"async_id":90,"trigger_async_id":89,"async_type":"PROMISE"}
{"id":183,"timestamp":"2026-04-04T20:20:39.826Z","event":"async_destroy","app_code":false,"async_id":91,"trigger_async_id":90,"async_type":"PROMISE"}
{"id":184,"timestamp":"2026-04-04T20:20:39.826Z","event":"async_destroy","app_code":false,"async_id":92,"trigger_async_id":91,"async_type":"PROMISE"}
{"id":185,"timestamp":"2026-04-04T20:20:39.826Z","event":"async_destroy","app_code":false,"async_id":93,"trigger_async_id":92,"async_type":"PROMISE"}
{"id":186,"timestamp":"2026-04-04T20:20:39.826Z","event":"async_destroy","app_code":false,"async_id":94,"trigger_async_id":93,"async_type":"PROMISE"}
{"id":187,"timestamp":"2026-04-04T20:20:39.826Z","event":"async_destroy","app_code":false,"async_id":95,"trigger_async_id":94,"async_type":"PROMISE"}
{"id":188,"timestamp":"2026-04-04T20:20:39.826Z","event":"async_destroy","app_code":false,"async_id":96,"trigger_async_id":95,"async_type":"PROMISE"}
{"id":189,"timestamp":"2026-04-04T20:20:39.826Z","event":"async_destroy","app_code":false,"async_id":97,"trigger_async_id":96,"async_type":"PROMISE"}
{"id":190,"timestamp":"2026-04-04T20:20:39.826Z","event":"async_destroy","app_code":false,"async_id":98,"trigger_async_id":97,"async_type":"PROMISE"}
{"id":191,"timestamp":"2026-04-04T20:20:39.826Z","event":"async_destroy","app_code":false,"async_id":99,"trigger_async_id":98,"async_type":"PROMISE"}
{"id":192,"timestamp":"2026-04-04T20:20:39.826Z","event":"async_destroy","app_code":false,"async_id":100,"trigger_async_id":99,"async_type":"PROMISE"}
{"id":193,"timestamp":"2026-04-04T20:20:39.826Z","event":"async_destroy","app_code":false,"async_id":101,"trigger_async_id":100,"async_type":"PROMISE"}
{"id":194,"timestamp":"2026-04-04T20:20:39.826Z","event":"async_destroy","app_code":false,"async_id":102,"trigger_async_id":101,"async_type":"PROMISE"}
{"id":195,"timestamp":"2026-04-04T20:20:39.826Z","event":"async_destroy","app_code":false,"async_id":103,"trigger_async_id":102,"async_type":"PROMISE"}
{"id":196,"timestamp":"2026-04-04T20:20:39.826Z","event":"async_destroy","app_code":false,"async_id":104,"trigger_async_id":103,"async_type":"PROMISE"}
{"id":197,"timestamp":"2026-04-04T20:20:39.826Z","event":"async_destroy","app_code":false,"async_id":105,"trigger_async_id":104,"async_type":"PROMISE"}
{"id":198,"timestamp":"2026-04-04T20:20:39.826Z","event":"async_destroy","app_code":false,"async_id":106,"trigger_async_id":105,"async_type":"PROMISE"}
{"id":199,"timestamp":"2026-04-04T20:20:39.826Z","event":"async_destroy","app_code":false,"async_id":107,"trigger_async_id":106,"async_type":"PROMISE"}
{"id":200,"timestamp":"2026-04-04T20:20:39.826Z","event":"async_destroy","app_code":false,"async_id":108,"trigger_async_id":107,"async_type":"PROMISE"}
{"id":201,"timestamp":"2026-04-04T20:20:39.826Z","event":"async_destroy","app_code":false,"async_id":109,"trigger_async_id":108,"async_type":"PROMISE"}
{"id":202,"timestamp":"2026-04-04T20:20:39.826Z","event":"async_destroy","app_code":false,"async_id":110,"trigger_async_id":109,"async_type":"PROMISE"}
{"id":203,"timestamp":"2026-04-04T20:20:39.826Z","event":"async_destroy","app_code":false,"async_id":111,"trigger_async_id":110,"async_type":"PROMISE"}
{"id":204,"timestamp":"2026-04-04T20:20:39.826Z","event":"async_destroy","app_code":false,"async_id":112,"trigger_async_id":111,"async_type":"PROMISE"}
{"id":205,"timestamp":"2026-04-04T20:20:39.826Z","event":"async_destroy","app_code":false,"async_id":113,"trigger_async_id":112,"async_type":"PROMISE"}
{"id":206,"timestamp":"2026-04-04T20:20:39.826Z","event":"async_destroy","app_code":false,"async_id":114,"trigger_async_id":113,"async_type":"PROMISE"}
{"id":207,"timestamp":"2026-04-04T20:20:39.826Z","event":"async_destroy","app_code":false,"async_id":115,"trigger_async_id":114,"async_type":"PROMISE"}
{"id":208,"timestamp":"2026-04-04T20:20:39.826Z","event":"async_destroy","app_code":false,"async_id":116,"trigger_async_id":115,"async_type":"PROMISE"}
{"id":209,"timestamp":"2026-04-04T20:20:39.826Z","event":"async_destroy","app_code":false,"async_id":117,"trigger_async_id":116,"async_type":"PROMISE"}
{"id":210,"timestamp":"2026-04-04T20:20:39.826Z","event":"async_destroy","app_code":false,"async_id":118,"trigger_async_id":117,"async_type":"PROMISE"}
{"id":211,"timestamp":"2026-04-04T20:20:39.826Z","event":"async_destroy","app_code":false,"async_id":119,"trigger_async_id":118,"async_type":"PROMISE"}
{"id":212,"timestamp":"2026-04-04T20:20:39.826Z","event":"async_destroy","app_code":false,"async_id":120,"trigger_async_id":119,"async_type":"PROMISE"}
{"id":213,"timestamp":"2026-04-04T20:20:39.826Z","event":"async_destroy","app_code":false,"async_id":121,"trigger_async_id":120,"async_type":"PROMISE"}
{"id":214,"timestamp":"2026-04-04T20:20:39.826Z","event":"async_destroy","app_code":false,"async_id":122,"trigger_async_id":121,"async_type":"PROMISE"}
{"id":215,"timestamp":"2026-04-04T20:20:39.826Z","event":"async_destroy","app_code":false,"async_id":123,"trigger_async_id":122,"async_type":"PROMISE"}
{"id":216,"timestamp":"2026-04-04T20:20:39.826Z","event":"async_destroy","app_code":false,"async_id":124,"trigger_async_id":123,"async_type":"PROMISE"}
{"id":217,"timestamp":"2026-04-04T20:20:39.826Z","event":"async_destroy","app_code":false,"async_id":125,"trigger_async_id":124,"async_type":"PROMISE"}
{"id":218,"timestamp":"2026-04-04T20:20:39.826Z","event":"async_destroy","app_code":false,"async_id":126,"trigger_async_id":125,"async_type":"PROMISE"}
{"id":219,"timestamp":"2026-04-04T20:20:39.826Z","event":"async_destroy","app_code":false,"async_id":127,"trigger_async_id":126,"async_type":"PROMISE"}
{"id":220,"timestamp":"2026-04-04T20:20:39.826Z","event":"async_destroy","app_code":false,"async_id":128,"trigger_async_id":127,"async_type":"PROMISE"}
{"id":221,"timestamp":"2026-04-04T20:20:39.826Z","event":"async_destroy","app_code":false,"async_id":129,"trigger_async_id":128,"async_type":"PROMISE"}
{"id":222,"timestamp":"2026-04-04T20:20:39.826Z","event":"async_destroy","app_code":false,"async_id":130,"trigger_async_id":129,"async_type":"PROMISE"}
{"id":223,"timestamp":"2026-04-04T20:20:39.826Z","event":"async_destroy","app_code":false,"async_id":131,"trigger_async_id":130,"async_type":"PROMISE"}
{"id":224,"timestamp":"2026-04-04T20:20:39.826Z","event":"async_destroy","app_code":false,"async_id":132,"trigger_async_id":131,"async_type":"PROMISE"}
{"id":225,"timestamp":"2026-04-04T20:20:39.826Z","event":"async_destroy","app_code":false,"async_id":133,"trigger_async_id":132,"async_type":"PROMISE"}
{"id":226,"timestamp":"2026-04-04T20:20:39.826Z","event":"async_destroy","app_code":false,"async_id":134,"trigger_async_id":133,"async_type":"PROMISE"}
{"id":227,"timestamp":"2026-04-04T20:20:39.826Z","event":"async_destroy","app_code":false,"async_id":135,"trigger_async_id":134,"async_type":"PROMISE"}
{"id":228,"timestamp":"2026-04-04T20:20:39.826Z","event":"async_destroy","app_code":false,"async_id":136,"trigger_async_id":135,"async_type":"PROMISE"}
{"id":229,"timestamp":"2026-04-04T20:20:39.826Z","event":"async_destroy","app_code":false,"async_id":137,"trigger_async_id":136,"async_type":"PROMISE"}
{"id":230,"timestamp":"2026-04-04T20:20:39.826Z","event":"async_destroy","app_code":false,"async_id":138,"trigger_async_id":137,"async_type":"PROMISE"}
{"id":231,"timestamp":"2026-04-04T20:20:39.826Z","event":"async_destroy","app_code":false,"async_id":139,"trigger_async_id":138,"async_type":"PROMISE"}
{"id":232,"timestamp":"2026-04-04T20:20:39.826Z","event":"async_destroy","app_code":false,"async_id":140,"trigger_async_id":139,"async_type":"PROMISE"}
{"id":233,"timestamp":"2026-04-04T20:20:39.826Z","event":"async_destroy","app_code":false,"async_id":141,"trigger_async_id":140,"async_type":"PROMISE"}
{"id":234,"timestamp":"2026-04-04T20:20:39.826Z","event":"async_destroy","app_code":false,"async_id":142,"trigger_async_id":141,"async_type":"PROMISE"}
{"id":235,"timestamp":"2026-04-04T20:20:39.826Z","event":"async_destroy","app_code":false,"async_id":143,"trigger_async_id":142,"async_type":"PROMISE"}
{"id":236,"timestamp":"2026-04-04T20:20:39.826Z","event":"async_destroy","app_code":false,"async_id":144,"trigger_async_id":143,"async_type":"PROMISE"}
{"id":237,"timestamp":"2026-04-04T20:20:39.826Z","event":"async_destroy","app_code":false,"async_id":145,"trigger_async_id":144,"async_type":"PROMISE"}
{"id":238,"timestamp":"2026-04-04T20:20:39.826Z","event":"async_destroy","app_code":false,"async_id":146,"trigger_async_id":145,"async_type":"PROMISE"}
{"id":239,"timestamp":"2026-04-04T20:20:39.826Z","event":"async_destroy","app_code":false,"async_id":147,"trigger_async_id":146,"async_type":"PROMISE"}
{"id":240,"timestamp":"2026-04-04T20:20:39.826Z","event":"async_destroy","app_code":false,"async_id":148,"trigger_async_id":147,"async_type":"PROMISE"}
{"id":241,"timestamp":"2026-04-04T20:20:39.826Z","event":"async_destroy","app_code":false,"async_id":149,"trigger_async_id":148,"async_type":"PROMISE"}
{"id":242,"timestamp":"2026-04-04T20:20:39.826Z","event":"async_destroy","app_code":false,"async_id":150,"trigger_async_id":149,"async_type":"PROMISE"}
{"id":243,"timestamp":"2026-04-04T20:20:39.826Z","event":"async_destroy","app_code":false,"async_id":151,"trigger_async_id":150,"async_type":"PROMISE"}
{"id":244,"timestamp":"2026-04-04T20:20:39.826Z","event":"async_destroy","app_code":false,"async_id":152,"trigger_async_id":151,"async_type":"PROMISE"}
{"id":245,"timestamp":"2026-04-04T20:20:39.826Z","event":"async_destroy","app_code":false,"async_id":153,"trigger_async_id":152,"async_type":"PROMISE"}
{"id":246,"timestamp":"2026-04-04T20:20:39.826Z","event":"async_destroy","app_code":false,"async_id":154,"trigger_async_id":153,"async_type":"PROMISE"}
{"id":247,"timestamp":"2026-04-04T20:20:39.826Z","event":"async_destroy","app_code":false,"async_id":155,"trigger_async_id":154,"async_type":"PROMISE"}
{"id":248,"timestamp":"2026-04-04T20:20:39.826Z","event":"async_destroy","app_code":false,"async_id":156,"trigger_async_id":155,"async_type":"PROMISE"}
{"id":249,"timestamp":"2026-04-04T20:20:39.826Z","event":"async_destroy","app_code":false,"async_id":157,"trigger_async_id":156,"async_type":"PROMISE"}
{"id":250,"timestamp":"2026-04-04T20:20:39.826Z","event":"async_destroy","app_code":false,"async_id":158,"trigger_async_id":157,"async_type":"PROMISE"}
{"id":251,"timestamp":"2026-04-04T20:20:39.826Z","event":"async_destroy","app_code":false,"async_id":159,"trigger_async_id":158,"async_type":"PROMISE"}
{"id":252,"timestamp":"2026-04-04T20:20:39.826Z","event":"async_destroy","app_code":false,"async_id":160,"trigger_async_id":159,"async_type":"PROMISE"}
{"id":253,"timestamp":"2026-04-04T20:20:39.826Z","event":"async_destroy","app_code":false,"async_id":161,"trigger_async_id":160,"async_type":"PROMISE"}
{"id":254,"timestamp":"2026-04-04T20:20:39.826Z","event":"async_destroy","app_code":false,"async_id":162,"trigger_async_id":161,"async_type":"PROMISE"}
{"id":255,"timestamp":"2026-04-04T20:20:39.826Z","event":"async_destroy","app_code":false,"async_id":163,"trigger_async_id":162,"async_type":"PROMISE"}
{"id":256,"timestamp":"2026-04-04T20:20:39.826Z","event":"async_destroy","app_code":false,"async_id":164,"trigger_async_id":163,"async_type":"PROMISE"}
{"id":257,"timestamp":"2026-04-04T20:20:39.826Z","event":"async_destroy","app_code":false,"async_id":165,"trigger_async_id":164,"async_type":"PROMISE"}
{"id":258,"timestamp":"2026-04-04T20:20:39.826Z","event":"async_destroy","app_code":false,"async_id":166,"trigger_async_id":165,"async_type":"PROMISE"}
{"id":259,"timestamp":"2026-04-04T20:20:39.826Z","event":"async_destroy","app_code":false,"async_id":167,"trigger_async_id":166,"async_type":"PROMISE"}
{"id":260,"timestamp":"2026-04-04T20:20:39.826Z","event":"async_destroy","app_code":false,"async_id":168,"trigger_async_id":167,"async_type":"PROMISE"}
{"id":261,"timestamp":"2026-04-04T20:20:39.826Z","event":"async_destroy","app_code":false,"async_id":169,"trigger_async_id":168,"async_type":"PROMISE"}
{"id":262,"timestamp":"2026-04-04T20:20:39.826Z","event":"async_destroy","app_code":false,"async_id":170,"trigger_async_id":169,"async_type":"PROMISE"}
{"id":263,"timestamp":"2026-04-04T20:20:39.826Z","event":"async_destroy","app_code":false,"async_id":171,"trigger_async_id":170,"async_type":"PROMISE"}
{"id":264,"timestamp":"2026-04-04T20:20:39.826Z","event":"async_destroy","app_code":false,"async_id":172,"trigger_async_id":171,"async_type":"PROMISE"}
{"id":265,"timestamp":"2026-04-04T20:20:39.826Z","event":"async_destroy","app_code":false,"async_id":173,"trigger_async_id":172,"async_type":"PROMISE"}
{"id":266,"timestamp":"2026-04-04T20:20:39.826Z","event":"async_destroy","app_code":false,"async_id":174,"trigger_async_id":173,"async_type":"PROMISE"}
{"id":267,"timestamp":"2026-04-04T20:20:39.826Z","event":"async_destroy","app_code":false,"async_id":175,"trigger_async_id":174,"async_type":"PROMISE"}
{"id":268,"timestamp":"2026-04-04T20:20:39.826Z","event":"async_destroy","app_code":false,"async_id":176,"trigger_async_id":175,"async_type":"PROMISE"}
{"id":269,"timestamp":"2026-04-04T20:20:39.826Z","event":"async_destroy","app_code":false,"async_id":177,"trigger_async_id":176,"async_type":"PROMISE"}
{"id":270,"timestamp":"2026-04-04T20:20:39.826Z","event":"async_destroy","app_code":false,"async_id":178,"trigger_async_id":177,"async_type":"PROMISE"}
{"id":271,"timestamp":"2026-04-04T20:20:39.826Z","event":"async_destroy","app_code":false,"async_id":179,"trigger_async_id":178,"async_type":"PROMISE"}
{"id":272,"timestamp":"2026-04-04T20:20:39.826Z","event":"async_destroy","app_code":false,"async_id":180,"trigger_async_id":179,"async_type":"PROMISE"}
{"id":273,"timestamp":"2026-04-04T20:20:39.826Z","event":"async_destroy","app_code":false,"async_id":181,"trigger_async_id":180,"async_type":"PROMISE"}
{"id":274,"timestamp":"2026-04-04T20:20:39.826Z","event":"async_destroy","app_code":false,"async_id":182,"trigger_async_id":181,"async_type":"PROMISE"}
{"id":275,"timestamp":"2026-04-04T20:20:39.826Z","event":"async_destroy","app_code":false,"async_id":183,"trigger_async_id":182,"async_type":"PROMISE"}
{"id":276,"timestamp":"2026-04-04T20:20:39.826Z","event":"async_destroy","app_code":false,"async_id":184,"trigger_async_id":183,"async_type":"PROMISE"}
{"id":277,"timestamp":"2026-04-04T20:20:39.826Z","event":"async_destroy","app_code":false,"async_id":185,"trigger_async_id":184,"async_type":"PROMISE"}
{"id":278,"timestamp":"2026-04-04T20:20:39.826Z","event":"async_destroy","app_code":false,"async_id":186,"trigger_async_id":185,"async_type":"PROMISE"}
{"id":279,"timestamp":"2026-04-04T20:20:39.826Z","event":"async_destroy","app_code":false,"async_id":187,"trigger_async_id":186,"async_type":"PROMISE"}
{"id":280,"timestamp":"2026-04-04T20:20:39.826Z","event":"async_destroy","app_code":false,"async_id":188,"trigger_async_id":187,"async_type":"PROMISE"}
{"id":281,"timestamp":"2026-04-04T20:20:39.826Z","event":"async_destroy","app_code":false,"async_id":189,"trigger_async_id":188,"async_type":"PROMISE"}
{"id":282,"timestamp":"2026-04-04T20:20:39.826Z","event":"async_destroy","app_code":false,"async_id":190,"trigger_async_id":189,"async_type":"PROMISE"}
{"id":283,"timestamp":"2026-04-04T20:20:39.826Z","event":"async_destroy","app_code":false,"async_id":191,"trigger_async_id":190,"async_type":"PROMISE"}
{"id":284,"timestamp":"2026-04-04T20:20:39.826Z","event":"async_destroy","app_code":false,"async_id":192,"trigger_async_id":191,"async_type":"PROMISE"}
{"id":285,"timestamp":"2026-04-04T20:20:39.826Z","event":"async_destroy","app_code":false,"async_id":193,"trigger_async_id":192,"async_type":"PROMISE"}
{"id":286,"timestamp":"2026-04-04T20:20:39.826Z","event":"async_destroy","app_code":false,"async_id":194,"trigger_async_id":193,"async_type":"PROMISE"}
{"id":287,"timestamp":"2026-04-04T20:20:39.826Z","event":"async_destroy","app_code":false,"async_id":195,"trigger_async_id":194,"async_type":"PROMISE"}
{"id":288,"timestamp":"2026-04-04T20:20:39.826Z","event":"async_destroy","app_code":false,"async_id":196,"trigger_async_id":195,"async_type":"PROMISE"}
{"id":289,"timestamp":"2026-04-04T20:20:39.826Z","event":"async_destroy","app_code":false,"async_id":197,"trigger_async_id":196,"async_type":"PROMISE"}
{"id":290,"timestamp":"2026-04-04T20:20:39.826Z","event":"async_destroy","app_code":false,"async_id":198,"trigger_async_id":197,"async_type":"PROMISE"}
{"id":291,"timestamp":"2026-04-04T20:20:39.826Z","event":"async_destroy","app_code":false,"async_id":199,"trigger_async_id":198,"async_type":"PROMISE"}
{"id":292,"timestamp":"2026-04-04T20:20:39.826Z","event":"async_destroy","app_code":false,"async_id":200,"trigger_async_id":199,"async_type":"PROMISE"}
{"id":293,"timestamp":"2026-04-04T20:20:39.826Z","event":"async_destroy","app_code":false,"async_id":201,"trigger_async_id":200,"async_type":"PROMISE"}
{"id":294,"timestamp":"2026-04-04T20:20:39.826Z","event":"async_destroy","app_code":false,"async_id":202,"trigger_async_id":201,"async_type":"PROMISE"}
{"id":295,"timestamp":"2026-04-04T20:20:39.826Z","event":"async_destroy","app_code":false,"async_id":203,"trigger_async_id":202,"async_type":"PROMISE"}
{"id":296,"timestamp":"2026-04-04T20:20:39.826Z","event":"async_destroy","app_code":false,"async_id":204,"trigger_async_id":203,"async_type":"PROMISE"}
{"id":297,"timestamp":"2026-04-04T20:20:39.826Z","event":"async_destroy","app_code":false,"async_id":205,"trigger_async_id":204,"async_type":"PROMISE"}
{"id":298,"timestamp":"2026-04-04T20:20:39.826Z","event":"async_destroy","app_code":false,"async_id":206,"trigger_async_id":205,"async_type":"PROMISE"}
{"id":299,"timestamp":"2026-04-04T20:20:39.826Z","event":"async_destroy","app_code":false,"async_id":207,"trigger_async_id":206,"async_type":"PROMISE"}
{"id":300,"timestamp":"2026-04-04T20:20:39.826Z","event":"async_destroy","app_code":false,"async_id":208,"trigger_async_id":207,"async_type":"PROMISE"}
{"id":301,"timestamp":"2026-04-04T20:20:39.826Z","event":"async_destroy","app_code":false,"async_id":209,"trigger_async_id":208,"async_type":"PROMISE"}
{"id":302,"timestamp":"2026-04-04T20:20:39.826Z","event":"async_destroy","app_code":false,"async_id":210,"trigger_async_id":209,"async_type":"PROMISE"}
{"id":303,"timestamp":"2026-04-04T20:20:39.826Z","event":"async_destroy","app_code":false,"async_id":211,"trigger_async_id":210,"async_type":"PROMISE"}
{"id":304,"timestamp":"2026-04-04T20:20:39.826Z","event":"async_destroy","app_code":false,"async_id":212,"trigger_async_id":211,"async_type":"PROMISE"}
{"id":305,"timestamp":"2026-04-04T20:20:39.826Z","event":"async_destroy","app_code":false,"async_id":213,"trigger_async_id":212,"async_type":"PROMISE"}
{"id":306,"timestamp":"2026-04-04T20:20:39.826Z","event":"async_destroy","app_code":false,"async_id":214,"trigger_async_id":213,"async_type":"PROMISE"}
{"id":307,"timestamp":"2026-04-04T20:20:39.826Z","event":"async_destroy","app_code":false,"async_id":215,"trigger_async_id":214,"async_type":"PROMISE"}
{"id":308,"timestamp":"2026-04-04T20:20:39.826Z","event":"async_destroy","app_code":false,"async_id":216,"trigger_async_id":215,"async_type":"PROMISE"}
{"id":309,"timestamp":"2026-04-04T20:20:39.826Z","event":"async_destroy","app_code":false,"async_id":217,"trigger_async_id":216,"async_type":"PROMISE"}
{"id":310,"timestamp":"2026-04-04T20:20:39.826Z","event":"async_destroy","app_code":false,"async_id":218,"trigger_async_id":217,"async_type":"PROMISE"}
{"id":311,"timestamp":"2026-04-04T20:20:39.826Z","event":"async_destroy","app_code":false,"async_id":234,"trigger_async_id":218,"async_type":"PROMISE"}
{"id":312,"timestamp":"2026-04-04T20:20:39.826Z","event":"async_destroy","app_code":false,"async_id":235,"trigger_async_id":234,"async_type":"PROMISE"}
{"id":313,"timestamp":"2026-04-04T20:20:39.826Z","event":"async_destroy","app_code":false,"async_id":236,"trigger_async_id":235,"async_type":"PROMISE"}
{"id":314,"timestamp":"2026-04-04T20:20:39.826Z","event":"async_destroy","app_code":false,"async_id":237,"trigger_async_id":236,"async_type":"PROMISE"}
{"id":315,"timestamp":"2026-04-04T20:20:39.826Z","event":"async_destroy","app_code":false,"async_id":238,"trigger_async_id":237,"async_type":"PROMISE"}
{"id":316,"timestamp":"2026-04-04T20:20:39.826Z","event":"async_destroy","app_code":false,"async_id":239,"trigger_async_id":238,"async_type":"PROMISE"}
{"id":317,"timestamp":"2026-04-04T20:20:39.826Z","event":"async_destroy","app_code":false,"async_id":240,"trigger_async_id":239,"async_type":"PROMISE"}
{"id":318,"timestamp":"2026-04-04T20:20:39.826Z","event":"async_destroy","app_code":false,"async_id":241,"trigger_async_id":240,"async_type":"PROMISE"}
{"id":319,"timestamp":"2026-04-04T20:20:39.826Z","event":"async_destroy","app_code":false,"async_id":242,"trigger_async_id":241,"async_type":"PROMISE"}
{"id":320,"timestamp":"2026-04-04T20:20:39.826Z","event":"async_destroy","app_code":false,"async_id":243,"trigger_async_id":242,"async_type":"PROMISE"}
{"id":321,"timestamp":"2026-04-04T20:20:39.826Z","event":"async_destroy","app_code":false,"async_id":246,"trigger_async_id":243,"async_type":"PROMISE"}
{"id":322,"timestamp":"2026-04-04T20:20:39.826Z","event":"async_destroy","app_code":false,"async_id":247,"trigger_async_id":246,"async_type":"PROMISE"}
{"id":323,"timestamp":"2026-04-04T20:20:39.826Z","event":"async_destroy","app_code":false,"async_id":248,"trigger_async_id":247,"async_type":"PROMISE"}
{"id":324,"timestamp":"2026-04-04T20:20:39.826Z","event":"async_destroy","app_code":false,"async_id":249,"trigger_async_id":248,"async_type":"PROMISE"}
{"id":325,"timestamp":"2026-04-04T20:20:39.826Z","event":"async_destroy","app_code":false,"async_id":250,"trigger_async_id":249,"async_type":"PROMISE"}
{"id":326,"timestamp":"2026-04-04T20:20:39.826Z","event":"async_destroy","app_code":false,"async_id":251,"trigger_async_id":250,"async_type":"PROMISE"}
{"id":327,"timestamp":"2026-04-04T20:20:39.826Z","event":"async_destroy","app_code":false,"async_id":252,"trigger_async_id":251,"async_type":"PROMISE"}
{"id":328,"timestamp":"2026-04-04T20:20:39.826Z","event":"async_destroy","app_code":false,"async_id":253,"trigger_async_id":252,"async_type":"PROMISE"}
{"id":329,"timestamp":"2026-04-04T20:20:39.826Z","event":"async_destroy","app_code":false,"async_id":259,"trigger_async_id":253,"async_type":"PROMISE"}
{"id":330,"timestamp":"2026-04-04T20:20:39.826Z","event":"async_destroy","app_code":false,"async_id":260,"trigger_async_id":259,"async_type":"PROMISE"}
{"id":331,"timestamp":"2026-04-04T20:20:39.826Z","event":"async_destroy","app_code":false,"async_id":264,"trigger_async_id":260,"async_type":"PROMISE"}
{"id":332,"timestamp":"2026-04-04T20:20:39.826Z","event":"async_destroy","app_code":false,"async_id":265,"trigger_async_id":264,"async_type":"PROMISE"}
{"id":333,"timestamp":"2026-04-04T20:20:39.826Z","event":"async_destroy","app_code":false,"async_id":282,"trigger_async_id":265,"async_type":"PROMISE"}
{"id":334,"timestamp":"2026-04-04T20:20:39.826Z","event":"async_destroy","app_code":false,"async_id":292,"trigger_async_id":19,"async_type":"PROMISE"}
{"id":335,"timestamp":"2026-04-04T20:20:39.826Z","event":"async_destroy","app_code":false,"async_id":293,"trigger_async_id":292,"async_type":"PROMISE"}
{"id":336,"timestamp":"2026-04-04T20:20:39.826Z","event":"async_destroy","app_code":false,"async_id":294,"trigger_async_id":21,"async_type":"PROMISE"}
{"id":337,"timestamp":"2026-04-04T20:20:39.826Z","event":"async_destroy","app_code":false,"async_id":295,"trigger_async_id":294,"async_type":"PROMISE"}
{"id":338,"timestamp":"2026-04-04T20:20:39.826Z","event":"async_destroy","app_code":false,"async_id":296,"trigger_async_id":23,"async_type":"PROMISE"}
{"id":339,"timestamp":"2026-04-04T20:20:39.826Z","event":"async_destroy","app_code":false,"async_id":297,"trigger_async_id":296,"async_type":"PROMISE"}
{"id":340,"timestamp":"2026-04-04T20:20:39.826Z","event":"async_destroy","app_code":false,"async_id":298,"trigger_async_id":25,"async_type":"PROMISE"}
{"id":341,"timestamp":"2026-04-04T20:20:39.826Z","event":"async_destroy","app_code":false,"async_id":299,"trigger_async_id":298,"async_type":"PROMISE"}
{"id":342,"timestamp":"2026-04-04T20:20:39.826Z","event":"async_destroy","app_code":false,"async_id":300,"trigger_async_id":27,"async_type":"PROMISE"}
{"id":343,"timestamp":"2026-04-04T20:20:39.826Z","event":"async_destroy","app_code":false,"async_id":301,"trigger_async_id":300,"async_type":"PROMISE"}
{"id":344,"timestamp":"2026-04-04T20:20:39.826Z","event":"async_destroy","app_code":false,"async_id":302,"trigger_async_id":29,"async_type":"PROMISE"}
{"id":345,"timestamp":"2026-04-04T20:20:39.826Z","event":"async_destroy","app_code":false,"async_id":303,"trigger_async_id":302,"async_type":"PROMISE"}
{"id":346,"timestamp":"2026-04-04T20:20:39.826Z","event":"async_destroy","app_code":false,"async_id":304,"trigger_async_id":31,"async_type":"PROMISE"}
{"id":347,"timestamp":"2026-04-04T20:20:39.826Z","event":"async_destroy","app_code":false,"async_id":305,"trigger_async_id":304,"async_type":"PROMISE"}
{"id":348,"timestamp":"2026-04-04T20:20:39.826Z","event":"async_destroy","app_code":false,"async_id":306,"trigger_async_id":33,"async_type":"PROMISE"}
{"id":349,"timestamp":"2026-04-04T20:20:39.826Z","event":"async_destroy","app_code":false,"async_id":307,"trigger_async_id":306,"async_type":"PROMISE"}
{"id":350,"timestamp":"2026-04-04T20:20:39.826Z","event":"async_destroy","app_code":false,"async_id":308,"trigger_async_id":35,"async_type":"PROMISE"}
{"id":351,"timestamp":"2026-04-04T20:20:39.826Z","event":"async_destroy","app_code":false,"async_id":309,"trigger_async_id":308,"async_type":"PROMISE"}
{"id":352,"timestamp":"2026-04-04T20:20:39.826Z","event":"async_destroy","app_code":false,"async_id":310,"trigger_async_id":37,"async_type":"PROMISE"}
{"id":353,"timestamp":"2026-04-04T20:20:39.826Z","event":"async_destroy","app_code":false,"async_id":311,"trigger_async_id":310,"async_type":"PROMISE"}
{"id":354,"timestamp":"2026-04-04T20:20:39.826Z","event":"async_destroy","app_code":false,"async_id":312,"trigger_async_id":39,"async_type":"PROMISE"}
{"id":355,"timestamp":"2026-04-04T20:20:39.826Z","event":"async_destroy","app_code":false,"async_id":313,"trigger_async_id":312,"async_type":"PROMISE"}
{"id":356,"timestamp":"2026-04-04T20:20:39.826Z","event":"async_destroy","app_code":false,"async_id":314,"trigger_async_id":41,"async_type":"PROMISE"}
{"id":357,"timestamp":"2026-04-04T20:20:39.826Z","event":"async_destroy","app_code":false,"async_id":315,"trigger_async_id":314,"async_type":"PROMISE"}
{"id":358,"timestamp":"2026-04-04T20:20:39.826Z","event":"async_destroy","app_code":false,"async_id":316,"trigger_async_id":43,"async_type":"PROMISE"}
{"id":359,"timestamp":"2026-04-04T20:20:39.826Z","event":"async_destroy","app_code":false,"async_id":317,"trigger_async_id":316,"async_type":"PROMISE"}
{"id":360,"timestamp":"2026-04-04T20:20:39.826Z","event":"async_destroy","app_code":false,"async_id":318,"trigger_async_id":45,"async_type":"PROMISE"}
{"id":361,"timestamp":"2026-04-04T20:20:39.826Z","event":"async_destroy","app_code":false,"async_id":319,"trigger_async_id":318,"async_type":"PROMISE"}
{"id":362,"timestamp":"2026-04-04T20:20:39.826Z","event":"async_destroy","app_code":false,"async_id":320,"trigger_async_id":47,"async_type":"PROMISE"}
{"id":363,"timestamp":"2026-04-04T20:20:39.826Z","event":"async_destroy","app_code":false,"async_id":321,"trigger_async_id":320,"async_type":"PROMISE"}
{"id":364,"timestamp":"2026-04-04T20:20:39.826Z","event":"async_destroy","app_code":false,"async_id":322,"trigger_async_id":49,"async_type":"PROMISE"}
{"id":365,"timestamp":"2026-04-04T20:20:39.826Z","event":"async_destroy","app_code":false,"async_id":323,"trigger_async_id":322,"async_type":"PROMISE"}
{"id":366,"timestamp":"2026-04-04T20:20:39.826Z","event":"async_destroy","app_code":false,"async_id":324,"trigger_async_id":51,"async_type":"PROMISE"}
{"id":367,"timestamp":"2026-04-04T20:20:39.826Z","event":"async_destroy","app_code":false,"async_id":325,"trigger_async_id":324,"async_type":"PROMISE"}
{"id":368,"timestamp":"2026-04-04T20:20:39.826Z","event":"async_destroy","app_code":false,"async_id":326,"trigger_async_id":53,"async_type":"PROMISE"}
{"id":369,"timestamp":"2026-04-04T20:20:39.826Z","event":"async_destroy","app_code":false,"async_id":327,"trigger_async_id":326,"async_type":"PROMISE"}
{"id":370,"timestamp":"2026-04-04T20:20:39.826Z","event":"async_destroy","app_code":false,"async_id":328,"trigger_async_id":55,"async_type":"PROMISE"}
{"id":371,"timestamp":"2026-04-04T20:20:39.826Z","event":"async_destroy","app_code":false,"async_id":329,"trigger_async_id":328,"async_type":"PROMISE"}
{"id":372,"timestamp":"2026-04-04T20:20:39.826Z","event":"async_destroy","app_code":false,"async_id":330,"trigger_async_id":57,"async_type":"PROMISE"}
{"id":373,"timestamp":"2026-04-04T20:20:39.827Z","event":"async_destroy","app_code":false,"async_id":331,"trigger_async_id":330,"async_type":"PROMISE"}
{"id":374,"timestamp":"2026-04-04T20:20:39.827Z","event":"async_destroy","app_code":false,"async_id":332,"trigger_async_id":59,"async_type":"PROMISE"}
{"id":375,"timestamp":"2026-04-04T20:20:39.827Z","event":"async_destroy","app_code":false,"async_id":333,"trigger_async_id":332,"async_type":"PROMISE"}
{"id":376,"timestamp":"2026-04-04T20:20:39.827Z","event":"async_destroy","app_code":false,"async_id":334,"trigger_async_id":61,"async_type":"PROMISE"}
{"id":377,"timestamp":"2026-04-04T20:20:39.827Z","event":"async_destroy","app_code":false,"async_id":335,"trigger_async_id":334,"async_type":"PROMISE"}
{"id":378,"timestamp":"2026-04-04T20:20:39.827Z","event":"async_destroy","app_code":false,"async_id":336,"trigger_async_id":63,"async_type":"PROMISE"}
{"id":379,"timestamp":"2026-04-04T20:20:39.827Z","event":"async_destroy","app_code":false,"async_id":337,"trigger_async_id":336,"async_type":"PROMISE"}
{"id":380,"timestamp":"2026-04-04T20:20:39.827Z","event":"async_destroy","app_code":false,"async_id":338,"trigger_async_id":65,"async_type":"PROMISE"}
{"id":381,"timestamp":"2026-04-04T20:20:39.827Z","event":"async_destroy","app_code":false,"async_id":339,"trigger_async_id":338,"async_type":"PROMISE"}
{"id":382,"timestamp":"2026-04-04T20:20:39.827Z","event":"async_destroy","app_code":false,"async_id":340,"trigger_async_id":67,"async_type":"PROMISE"}
{"id":383,"timestamp":"2026-04-04T20:20:39.827Z","event":"async_destroy","app_code":false,"async_id":341,"trigger_async_id":340,"async_type":"PROMISE"}
{"id":384,"timestamp":"2026-04-04T20:20:39.827Z","event":"async_destroy","app_code":false,"async_id":342,"trigger_async_id":69,"async_type":"PROMISE"}
{"id":385,"timestamp":"2026-04-04T20:20:39.827Z","event":"async_destroy","app_code":false,"async_id":343,"trigger_async_id":342,"async_type":"PROMISE"}
{"id":386,"timestamp":"2026-04-04T20:20:39.827Z","event":"async_destroy","app_code":false,"async_id":344,"trigger_async_id":71,"async_type":"PROMISE"}
{"id":387,"timestamp":"2026-04-04T20:20:39.827Z","event":"async_destroy","app_code":false,"async_id":345,"trigger_async_id":344,"async_type":"PROMISE"}
{"id":388,"timestamp":"2026-04-04T20:20:39.827Z","event":"async_destroy","app_code":false,"async_id":346,"trigger_async_id":73,"async_type":"PROMISE"}
{"id":389,"timestamp":"2026-04-04T20:20:39.827Z","event":"async_destroy","app_code":false,"async_id":347,"trigger_async_id":346,"async_type":"PROMISE"}
{"id":390,"timestamp":"2026-04-04T20:20:39.827Z","event":"async_destroy","app_code":false,"async_id":348,"trigger_async_id":75,"async_type":"PROMISE"}
{"id":391,"timestamp":"2026-04-04T20:20:39.827Z","event":"async_destroy","app_code":false,"async_id":349,"trigger_async_id":348,"async_type":"PROMISE"}
{"id":392,"timestamp":"2026-04-04T20:20:39.827Z","event":"async_destroy","app_code":false,"async_id":350,"trigger_async_id":77,"async_type":"PROMISE"}
{"id":393,"timestamp":"2026-04-04T20:20:39.827Z","event":"async_destroy","app_code":false,"async_id":351,"trigger_async_id":350,"async_type":"PROMISE"}
{"id":394,"timestamp":"2026-04-04T20:20:39.827Z","event":"async_destroy","app_code":false,"async_id":352,"trigger_async_id":79,"async_type":"PROMISE"}
{"id":395,"timestamp":"2026-04-04T20:20:39.827Z","event":"async_destroy","app_code":false,"async_id":353,"trigger_async_id":352,"async_type":"PROMISE"}
{"id":396,"timestamp":"2026-04-04T20:20:39.827Z","event":"async_destroy","app_code":false,"async_id":354,"trigger_async_id":81,"async_type":"PROMISE"}
{"id":397,"timestamp":"2026-04-04T20:20:39.827Z","event":"async_destroy","app_code":false,"async_id":355,"trigger_async_id":354,"async_type":"PROMISE"}
{"id":398,"timestamp":"2026-04-04T20:20:39.827Z","event":"async_destroy","app_code":false,"async_id":356,"trigger_async_id":83,"async_type":"PROMISE"}
{"id":399,"timestamp":"2026-04-04T20:20:39.827Z","event":"async_destroy","app_code":false,"async_id":357,"trigger_async_id":356,"async_type":"PROMISE"}
{"id":400,"timestamp":"2026-04-04T20:20:39.827Z","event":"async_destroy","app_code":false,"async_id":358,"trigger_async_id":85,"async_type":"PROMISE"}
{"id":401,"timestamp":"2026-04-04T20:20:39.827Z","event":"async_destroy","app_code":false,"async_id":359,"trigger_async_id":358,"async_type":"PROMISE"}
{"id":402,"timestamp":"2026-04-04T20:20:39.827Z","event":"async_destroy","app_code":false,"async_id":360,"trigger_async_id":87,"async_type":"PROMISE"}
{"id":403,"timestamp":"2026-04-04T20:20:39.827Z","event":"async_destroy","app_code":false,"async_id":361,"trigger_async_id":360,"async_type":"PROMISE"}
{"id":404,"timestamp":"2026-04-04T20:20:39.827Z","event":"async_destroy","app_code":false,"async_id":362,"trigger_async_id":89,"async_type":"PROMISE"}
{"id":405,"timestamp":"2026-04-04T20:20:39.827Z","event":"async_destroy","app_code":false,"async_id":363,"trigger_async_id":362,"async_type":"PROMISE"}
{"id":406,"timestamp":"2026-04-04T20:20:39.827Z","event":"async_destroy","app_code":false,"async_id":364,"trigger_async_id":91,"async_type":"PROMISE"}
{"id":407,"timestamp":"2026-04-04T20:20:39.827Z","event":"async_destroy","app_code":false,"async_id":365,"trigger_async_id":364,"async_type":"PROMISE"}
{"id":408,"timestamp":"2026-04-04T20:20:39.827Z","event":"async_destroy","app_code":false,"async_id":366,"trigger_async_id":93,"async_type":"PROMISE"}
{"id":409,"timestamp":"2026-04-04T20:20:39.827Z","event":"async_destroy","app_code":false,"async_id":367,"trigger_async_id":366,"async_type":"PROMISE"}
{"id":410,"timestamp":"2026-04-04T20:20:39.827Z","event":"async_destroy","app_code":false,"async_id":368,"trigger_async_id":95,"async_type":"PROMISE"}
{"id":411,"timestamp":"2026-04-04T20:20:39.827Z","event":"async_destroy","app_code":false,"async_id":369,"trigger_async_id":368,"async_type":"PROMISE"}
{"id":412,"timestamp":"2026-04-04T20:20:39.827Z","event":"async_destroy","app_code":false,"async_id":370,"trigger_async_id":97,"async_type":"PROMISE"}
{"id":413,"timestamp":"2026-04-04T20:20:39.827Z","event":"async_destroy","app_code":false,"async_id":371,"trigger_async_id":370,"async_type":"PROMISE"}
{"id":414,"timestamp":"2026-04-04T20:20:39.827Z","event":"async_destroy","app_code":false,"async_id":372,"trigger_async_id":99,"async_type":"PROMISE"}
{"id":415,"timestamp":"2026-04-04T20:20:39.827Z","event":"async_destroy","app_code":false,"async_id":373,"trigger_async_id":372,"async_type":"PROMISE"}
{"id":416,"timestamp":"2026-04-04T20:20:39.827Z","event":"async_destroy","app_code":false,"async_id":374,"trigger_async_id":101,"async_type":"PROMISE"}
{"id":417,"timestamp":"2026-04-04T20:20:39.827Z","event":"async_destroy","app_code":false,"async_id":375,"trigger_async_id":374,"async_type":"PROMISE"}
{"id":418,"timestamp":"2026-04-04T20:20:39.827Z","event":"async_destroy","app_code":false,"async_id":376,"trigger_async_id":103,"async_type":"PROMISE"}
{"id":419,"timestamp":"2026-04-04T20:20:39.827Z","event":"async_destroy","app_code":false,"async_id":377,"trigger_async_id":376,"async_type":"PROMISE"}
{"id":420,"timestamp":"2026-04-04T20:20:39.827Z","event":"async_destroy","app_code":false,"async_id":378,"trigger_async_id":105,"async_type":"PROMISE"}
{"id":421,"timestamp":"2026-04-04T20:20:39.827Z","event":"async_destroy","app_code":false,"async_id":379,"trigger_async_id":378,"async_type":"PROMISE"}
{"id":422,"timestamp":"2026-04-04T20:20:39.827Z","event":"async_destroy","app_code":false,"async_id":380,"trigger_async_id":107,"async_type":"PROMISE"}
{"id":423,"timestamp":"2026-04-04T20:20:39.827Z","event":"async_destroy","app_code":false,"async_id":381,"trigger_async_id":380,"async_type":"PROMISE"}
{"id":424,"timestamp":"2026-04-04T20:20:39.827Z","event":"async_destroy","app_code":false,"async_id":382,"trigger_async_id":109,"async_type":"PROMISE"}
{"id":425,"timestamp":"2026-04-04T20:20:39.827Z","event":"async_destroy","app_code":false,"async_id":383,"trigger_async_id":382,"async_type":"PROMISE"}
{"id":426,"timestamp":"2026-04-04T20:20:39.827Z","event":"async_destroy","app_code":false,"async_id":384,"trigger_async_id":111,"async_type":"PROMISE"}
{"id":427,"timestamp":"2026-04-04T20:20:39.827Z","event":"async_destroy","app_code":false,"async_id":385,"trigger_async_id":384,"async_type":"PROMISE"}
{"id":428,"timestamp":"2026-04-04T20:20:39.827Z","event":"async_destroy","app_code":false,"async_id":386,"trigger_async_id":113,"async_type":"PROMISE"}
{"id":429,"timestamp":"2026-04-04T20:20:39.827Z","event":"async_destroy","app_code":false,"async_id":387,"trigger_async_id":386,"async_type":"PROMISE"}
{"id":430,"timestamp":"2026-04-04T20:20:39.827Z","event":"async_destroy","app_code":false,"async_id":388,"trigger_async_id":115,"async_type":"PROMISE"}
{"id":431,"timestamp":"2026-04-04T20:20:39.827Z","event":"async_destroy","app_code":false,"async_id":389,"trigger_async_id":388,"async_type":"PROMISE"}
{"id":432,"timestamp":"2026-04-04T20:20:39.827Z","event":"async_destroy","app_code":false,"async_id":390,"trigger_async_id":117,"async_type":"PROMISE"}
{"id":433,"timestamp":"2026-04-04T20:20:39.827Z","event":"async_destroy","app_code":false,"async_id":391,"trigger_async_id":390,"async_type":"PROMISE"}
{"id":434,"timestamp":"2026-04-04T20:20:39.827Z","event":"async_destroy","app_code":false,"async_id":392,"trigger_async_id":119,"async_type":"PROMISE"}
{"id":435,"timestamp":"2026-04-04T20:20:39.827Z","event":"async_destroy","app_code":false,"async_id":393,"trigger_async_id":392,"async_type":"PROMISE"}
{"id":436,"timestamp":"2026-04-04T20:20:39.827Z","event":"async_destroy","app_code":false,"async_id":394,"trigger_async_id":121,"async_type":"PROMISE"}
{"id":437,"timestamp":"2026-04-04T20:20:39.827Z","event":"async_destroy","app_code":false,"async_id":395,"trigger_async_id":394,"async_type":"PROMISE"}
{"id":438,"timestamp":"2026-04-04T20:20:39.827Z","event":"async_destroy","app_code":false,"async_id":396,"trigger_async_id":123,"async_type":"PROMISE"}
{"id":439,"timestamp":"2026-04-04T20:20:39.827Z","event":"async_destroy","app_code":false,"async_id":397,"trigger_async_id":396,"async_type":"PROMISE"}
{"id":440,"timestamp":"2026-04-04T20:20:39.827Z","event":"async_destroy","app_code":false,"async_id":398,"trigger_async_id":125,"async_type":"PROMISE"}
{"id":441,"timestamp":"2026-04-04T20:20:39.827Z","event":"async_destroy","app_code":false,"async_id":399,"trigger_async_id":398,"async_type":"PROMISE"}
{"id":442,"timestamp":"2026-04-04T20:20:39.827Z","event":"async_destroy","app_code":false,"async_id":400,"trigger_async_id":127,"async_type":"PROMISE"}
{"id":443,"timestamp":"2026-04-04T20:20:39.827Z","event":"async_destroy","app_code":false,"async_id":401,"trigger_async_id":400,"async_type":"PROMISE"}
{"id":444,"timestamp":"2026-04-04T20:20:39.827Z","event":"async_destroy","app_code":false,"async_id":402,"trigger_async_id":129,"async_type":"PROMISE"}
{"id":445,"timestamp":"2026-04-04T20:20:39.827Z","event":"async_destroy","app_code":false,"async_id":403,"trigger_async_id":402,"async_type":"PROMISE"}
{"id":446,"timestamp":"2026-04-04T20:20:39.827Z","event":"async_destroy","app_code":false,"async_id":404,"trigger_async_id":131,"async_type":"PROMISE"}
{"id":447,"timestamp":"2026-04-04T20:20:39.827Z","event":"async_destroy","app_code":false,"async_id":405,"trigger_async_id":404,"async_type":"PROMISE"}
{"id":448,"timestamp":"2026-04-04T20:20:39.827Z","event":"async_destroy","app_code":false,"async_id":406,"trigger_async_id":133,"async_type":"PROMISE"}
{"id":449,"timestamp":"2026-04-04T20:20:39.827Z","event":"async_destroy","app_code":false,"async_id":407,"trigger_async_id":406,"async_type":"PROMISE"}
{"id":450,"timestamp":"2026-04-04T20:20:39.827Z","event":"async_destroy","app_code":false,"async_id":408,"trigger_async_id":135,"async_type":"PROMISE"}
{"id":451,"timestamp":"2026-04-04T20:20:39.827Z","event":"async_destroy","app_code":false,"async_id":409,"trigger_async_id":408,"async_type":"PROMISE"}
{"id":452,"timestamp":"2026-04-04T20:20:39.827Z","event":"async_destroy","app_code":false,"async_id":410,"trigger_async_id":137,"async_type":"PROMISE"}
{"id":453,"timestamp":"2026-04-04T20:20:39.827Z","event":"async_destroy","app_code":false,"async_id":411,"trigger_async_id":410,"async_type":"PROMISE"}
{"id":454,"timestamp":"2026-04-04T20:20:39.827Z","event":"async_destroy","app_code":false,"async_id":412,"trigger_async_id":139,"async_type":"PROMISE"}
{"id":455,"timestamp":"2026-04-04T20:20:39.827Z","event":"async_destroy","app_code":false,"async_id":413,"trigger_async_id":412,"async_type":"PROMISE"}
{"id":456,"timestamp":"2026-04-04T20:20:39.827Z","event":"async_destroy","app_code":false,"async_id":414,"trigger_async_id":141,"async_type":"PROMISE"}
{"id":457,"timestamp":"2026-04-04T20:20:39.827Z","event":"async_destroy","app_code":false,"async_id":415,"trigger_async_id":414,"async_type":"PROMISE"}
{"id":458,"timestamp":"2026-04-04T20:20:39.827Z","event":"async_destroy","app_code":false,"async_id":416,"trigger_async_id":143,"async_type":"PROMISE"}
{"id":459,"timestamp":"2026-04-04T20:20:39.827Z","event":"async_destroy","app_code":false,"async_id":417,"trigger_async_id":416,"async_type":"PROMISE"}
{"id":460,"timestamp":"2026-04-04T20:20:39.827Z","event":"async_destroy","app_code":false,"async_id":418,"trigger_async_id":145,"async_type":"PROMISE"}
{"id":461,"timestamp":"2026-04-04T20:20:39.827Z","event":"async_destroy","app_code":false,"async_id":419,"trigger_async_id":418,"async_type":"PROMISE"}
{"id":462,"timestamp":"2026-04-04T20:20:39.827Z","event":"async_destroy","app_code":false,"async_id":420,"trigger_async_id":147,"async_type":"PROMISE"}
{"id":463,"timestamp":"2026-04-04T20:20:39.827Z","event":"async_destroy","app_code":false,"async_id":421,"trigger_async_id":420,"async_type":"PROMISE"}
{"id":464,"timestamp":"2026-04-04T20:20:39.827Z","event":"async_destroy","app_code":false,"async_id":422,"trigger_async_id":149,"async_type":"PROMISE"}
{"id":465,"timestamp":"2026-04-04T20:20:39.827Z","event":"async_destroy","app_code":false,"async_id":423,"trigger_async_id":422,"async_type":"PROMISE"}
{"id":466,"timestamp":"2026-04-04T20:20:39.827Z","event":"async_destroy","app_code":false,"async_id":424,"trigger_async_id":151,"async_type":"PROMISE"}
{"id":467,"timestamp":"2026-04-04T20:20:39.827Z","event":"async_destroy","app_code":false,"async_id":425,"trigger_async_id":424,"async_type":"PROMISE"}
{"id":468,"timestamp":"2026-04-04T20:20:39.827Z","event":"async_destroy","app_code":false,"async_id":426,"trigger_async_id":153,"async_type":"PROMISE"}
{"id":469,"timestamp":"2026-04-04T20:20:39.827Z","event":"async_destroy","app_code":false,"async_id":427,"trigger_async_id":426,"async_type":"PROMISE"}
{"id":470,"timestamp":"2026-04-04T20:20:39.827Z","event":"async_destroy","app_code":false,"async_id":428,"trigger_async_id":155,"async_type":"PROMISE"}
{"id":471,"timestamp":"2026-04-04T20:20:39.827Z","event":"async_destroy","app_code":false,"async_id":429,"trigger_async_id":428,"async_type":"PROMISE"}
{"id":472,"timestamp":"2026-04-04T20:20:39.827Z","event":"async_destroy","app_code":false,"async_id":430,"trigger_async_id":157,"async_type":"PROMISE"}
{"id":473,"timestamp":"2026-04-04T20:20:39.827Z","event":"async_destroy","app_code":false,"async_id":431,"trigger_async_id":430,"async_type":"PROMISE"}
{"id":474,"timestamp":"2026-04-04T20:20:39.827Z","event":"async_destroy","app_code":false,"async_id":432,"trigger_async_id":159,"async_type":"PROMISE"}
{"id":475,"timestamp":"2026-04-04T20:20:39.827Z","event":"async_destroy","app_code":false,"async_id":433,"trigger_async_id":432,"async_type":"PROMISE"}
{"id":476,"timestamp":"2026-04-04T20:20:39.827Z","event":"async_destroy","app_code":false,"async_id":434,"trigger_async_id":161,"async_type":"PROMISE"}
{"id":477,"timestamp":"2026-04-04T20:20:39.827Z","event":"async_destroy","app_code":false,"async_id":435,"trigger_async_id":434,"async_type":"PROMISE"}
{"id":478,"timestamp":"2026-04-04T20:20:39.827Z","event":"async_destroy","app_code":false,"async_id":436,"trigger_async_id":163,"async_type":"PROMISE"}
{"id":479,"timestamp":"2026-04-04T20:20:39.827Z","event":"async_destroy","app_code":false,"async_id":437,"trigger_async_id":436,"async_type":"PROMISE"}
{"id":480,"timestamp":"2026-04-04T20:20:39.827Z","event":"async_destroy","app_code":false,"async_id":438,"trigger_async_id":165,"async_type":"PROMISE"}
{"id":481,"timestamp":"2026-04-04T20:20:39.827Z","event":"async_destroy","app_code":false,"async_id":439,"trigger_async_id":438,"async_type":"PROMISE"}
{"id":482,"timestamp":"2026-04-04T20:20:39.827Z","event":"async_destroy","app_code":false,"async_id":440,"trigger_async_id":167,"async_type":"PROMISE"}
{"id":483,"timestamp":"2026-04-04T20:20:39.827Z","event":"async_destroy","app_code":false,"async_id":441,"trigger_async_id":440,"async_type":"PROMISE"}
{"id":484,"timestamp":"2026-04-04T20:20:39.827Z","event":"async_destroy","app_code":false,"async_id":442,"trigger_async_id":169,"async_type":"PROMISE"}
{"id":485,"timestamp":"2026-04-04T20:20:39.827Z","event":"async_destroy","app_code":false,"async_id":443,"trigger_async_id":442,"async_type":"PROMISE"}
{"id":486,"timestamp":"2026-04-04T20:20:39.827Z","event":"async_destroy","app_code":false,"async_id":444,"trigger_async_id":171,"async_type":"PROMISE"}
{"id":487,"timestamp":"2026-04-04T20:20:39.827Z","event":"async_destroy","app_code":false,"async_id":445,"trigger_async_id":444,"async_type":"PROMISE"}
{"id":488,"timestamp":"2026-04-04T20:20:39.827Z","event":"async_destroy","app_code":false,"async_id":446,"trigger_async_id":173,"async_type":"PROMISE"}
{"id":489,"timestamp":"2026-04-04T20:20:39.827Z","event":"async_destroy","app_code":false,"async_id":447,"trigger_async_id":446,"async_type":"PROMISE"}
{"id":490,"timestamp":"2026-04-04T20:20:39.827Z","event":"async_destroy","app_code":false,"async_id":448,"trigger_async_id":175,"async_type":"PROMISE"}
{"id":491,"timestamp":"2026-04-04T20:20:39.827Z","event":"async_destroy","app_code":false,"async_id":449,"trigger_async_id":448,"async_type":"PROMISE"}
{"id":492,"timestamp":"2026-04-04T20:20:39.827Z","event":"async_destroy","app_code":false,"async_id":450,"trigger_async_id":177,"async_type":"PROMISE"}
{"id":493,"timestamp":"2026-04-04T20:20:39.827Z","event":"async_destroy","app_code":false,"async_id":451,"trigger_async_id":450,"async_type":"PROMISE"}
{"id":494,"timestamp":"2026-04-04T20:20:39.827Z","event":"async_destroy","app_code":false,"async_id":452,"trigger_async_id":179,"async_type":"PROMISE"}
{"id":495,"timestamp":"2026-04-04T20:20:39.827Z","event":"async_destroy","app_code":false,"async_id":453,"trigger_async_id":452,"async_type":"PROMISE"}
{"id":496,"timestamp":"2026-04-04T20:20:39.827Z","event":"async_destroy","app_code":false,"async_id":454,"trigger_async_id":181,"async_type":"PROMISE"}
{"id":497,"timestamp":"2026-04-04T20:20:39.827Z","event":"async_destroy","app_code":false,"async_id":455,"trigger_async_id":454,"async_type":"PROMISE"}
{"id":498,"timestamp":"2026-04-04T20:20:39.827Z","event":"async_destroy","app_code":false,"async_id":456,"trigger_async_id":183,"async_type":"PROMISE"}
{"id":499,"timestamp":"2026-04-04T20:20:39.827Z","event":"async_destroy","app_code":false,"async_id":457,"trigger_async_id":456,"async_type":"PROMISE"}
{"id":500,"timestamp":"2026-04-04T20:20:39.827Z","event":"async_destroy","app_code":false,"async_id":458,"trigger_async_id":185,"async_type":"PROMISE"}
{"id":501,"timestamp":"2026-04-04T20:20:39.827Z","event":"async_destroy","app_code":false,"async_id":459,"trigger_async_id":458,"async_type":"PROMISE"}
{"id":502,"timestamp":"2026-04-04T20:20:39.827Z","event":"async_destroy","app_code":false,"async_id":460,"trigger_async_id":187,"async_type":"PROMISE"}
{"id":503,"timestamp":"2026-04-04T20:20:39.827Z","event":"async_destroy","app_code":false,"async_id":461,"trigger_async_id":460,"async_type":"PROMISE"}
{"id":504,"timestamp":"2026-04-04T20:20:39.827Z","event":"async_destroy","app_code":false,"async_id":462,"trigger_async_id":189,"async_type":"PROMISE"}
{"id":505,"timestamp":"2026-04-04T20:20:39.827Z","event":"async_destroy","app_code":false,"async_id":463,"trigger_async_id":462,"async_type":"PROMISE"}
{"id":506,"timestamp":"2026-04-04T20:20:39.827Z","event":"async_destroy","app_code":false,"async_id":464,"trigger_async_id":191,"async_type":"PROMISE"}
{"id":507,"timestamp":"2026-04-04T20:20:39.827Z","event":"async_destroy","app_code":false,"async_id":465,"trigger_async_id":464,"async_type":"PROMISE"}
{"id":508,"timestamp":"2026-04-04T20:20:39.827Z","event":"async_destroy","app_code":false,"async_id":466,"trigger_async_id":193,"async_type":"PROMISE"}
{"id":509,"timestamp":"2026-04-04T20:20:39.827Z","event":"async_destroy","app_code":false,"async_id":467,"trigger_async_id":466,"async_type":"PROMISE"}
{"id":510,"timestamp":"2026-04-04T20:20:39.827Z","event":"async_destroy","app_code":false,"async_id":468,"trigger_async_id":195,"async_type":"PROMISE"}
{"id":511,"timestamp":"2026-04-04T20:20:39.827Z","event":"async_destroy","app_code":false,"async_id":469,"trigger_async_id":468,"async_type":"PROMISE"}
{"id":512,"timestamp":"2026-04-04T20:20:39.827Z","event":"async_destroy","app_code":false,"async_id":470,"trigger_async_id":197,"async_type":"PROMISE"}
{"id":513,"timestamp":"2026-04-04T20:20:39.827Z","event":"async_destroy","app_code":false,"async_id":471,"trigger_async_id":470,"async_type":"PROMISE"}
{"id":514,"timestamp":"2026-04-04T20:20:39.827Z","event":"async_destroy","app_code":false,"async_id":472,"trigger_async_id":199,"async_type":"PROMISE"}
{"id":515,"timestamp":"2026-04-04T20:20:39.827Z","event":"async_destroy","app_code":false,"async_id":473,"trigger_async_id":472,"async_type":"PROMISE"}
{"id":516,"timestamp":"2026-04-04T20:20:39.827Z","event":"async_destroy","app_code":false,"async_id":474,"trigger_async_id":201,"async_type":"PROMISE"}
{"id":517,"timestamp":"2026-04-04T20:20:39.827Z","event":"async_destroy","app_code":false,"async_id":475,"trigger_async_id":474,"async_type":"PROMISE"}
{"id":518,"timestamp":"2026-04-04T20:20:39.827Z","event":"async_destroy","app_code":false,"async_id":476,"trigger_async_id":203,"async_type":"PROMISE"}
{"id":519,"timestamp":"2026-04-04T20:20:39.827Z","event":"async_destroy","app_code":false,"async_id":477,"trigger_async_id":476,"async_type":"PROMISE"}
{"id":520,"timestamp":"2026-04-04T20:20:39.827Z","event":"async_destroy","app_code":false,"async_id":478,"trigger_async_id":205,"async_type":"PROMISE"}
{"id":521,"timestamp":"2026-04-04T20:20:39.827Z","event":"async_destroy","app_code":false,"async_id":479,"trigger_async_id":478,"async_type":"PROMISE"}
{"id":522,"timestamp":"2026-04-04T20:20:39.827Z","event":"async_destroy","app_code":false,"async_id":480,"trigger_async_id":207,"async_type":"PROMISE"}
{"id":523,"timestamp":"2026-04-04T20:20:39.827Z","event":"async_destroy","app_code":false,"async_id":481,"trigger_async_id":480,"async_type":"PROMISE"}
{"id":524,"timestamp":"2026-04-04T20:20:39.827Z","event":"async_destroy","app_code":false,"async_id":482,"trigger_async_id":209,"async_type":"PROMISE"}
{"id":525,"timestamp":"2026-04-04T20:20:39.827Z","event":"async_destroy","app_code":false,"async_id":483,"trigger_async_id":482,"async_type":"PROMISE"}
{"id":526,"timestamp":"2026-04-04T20:20:39.827Z","event":"async_destroy","app_code":false,"async_id":484,"trigger_async_id":211,"async_type":"PROMISE"}
{"id":527,"timestamp":"2026-04-04T20:20:39.827Z","event":"async_destroy","app_code":false,"async_id":485,"trigger_async_id":484,"async_type":"PROMISE"}
{"id":528,"timestamp":"2026-04-04T20:20:39.827Z","event":"async_destroy","app_code":false,"async_id":486,"trigger_async_id":213,"async_type":"PROMISE"}
{"id":529,"timestamp":"2026-04-04T20:20:39.827Z","event":"async_destroy","app_code":false,"async_id":487,"trigger_async_id":486,"async_type":"PROMISE"}
{"id":530,"timestamp":"2026-04-04T20:20:39.827Z","event":"async_destroy","app_code":false,"async_id":488,"trigger_async_id":215,"async_type":"PROMISE"}
{"id":531,"timestamp":"2026-04-04T20:20:39.827Z","event":"async_destroy","app_code":false,"async_id":489,"trigger_async_id":488,"async_type":"PROMISE"}
{"id":532,"timestamp":"2026-04-04T20:20:39.827Z","event":"async_destroy","app_code":false,"async_id":490,"trigger_async_id":217,"async_type":"PROMISE"}
{"id":533,"timestamp":"2026-04-04T20:20:39.827Z","event":"async_destroy","app_code":false,"async_id":491,"trigger_async_id":490,"async_type":"PROMISE"}
{"id":534,"timestamp":"2026-04-04T20:20:39.827Z","event":"async_destroy","app_code":false,"async_id":492,"trigger_async_id":234,"async_type":"PROMISE"}
{"id":535,"timestamp":"2026-04-04T20:20:39.827Z","event":"async_destroy","app_code":false,"async_id":493,"trigger_async_id":492,"async_type":"PROMISE"}
{"id":536,"timestamp":"2026-04-04T20:20:39.827Z","event":"async_destroy","app_code":false,"async_id":494,"trigger_async_id":236,"async_type":"PROMISE"}
{"id":537,"timestamp":"2026-04-04T20:20:39.827Z","event":"async_destroy","app_code":false,"async_id":495,"trigger_async_id":494,"async_type":"PROMISE"}
{"id":538,"timestamp":"2026-04-04T20:20:39.827Z","event":"async_destroy","app_code":false,"async_id":496,"trigger_async_id":238,"async_type":"PROMISE"}
{"id":539,"timestamp":"2026-04-04T20:20:39.827Z","event":"async_destroy","app_code":false,"async_id":497,"trigger_async_id":496,"async_type":"PROMISE"}
{"id":540,"timestamp":"2026-04-04T20:20:39.827Z","event":"async_destroy","app_code":false,"async_id":498,"trigger_async_id":240,"async_type":"PROMISE"}
{"id":541,"timestamp":"2026-04-04T20:20:39.827Z","event":"async_destroy","app_code":false,"async_id":499,"trigger_async_id":498,"async_type":"PROMISE"}
{"id":542,"timestamp":"2026-04-04T20:20:39.827Z","event":"async_destroy","app_code":false,"async_id":500,"trigger_async_id":242,"async_type":"PROMISE"}
{"id":543,"timestamp":"2026-04-04T20:20:39.827Z","event":"async_destroy","app_code":false,"async_id":501,"trigger_async_id":500,"async_type":"PROMISE"}
{"id":544,"timestamp":"2026-04-04T20:20:39.827Z","event":"async_destroy","app_code":false,"async_id":502,"trigger_async_id":246,"async_type":"PROMISE"}
{"id":545,"timestamp":"2026-04-04T20:20:39.827Z","event":"async_destroy","app_code":false,"async_id":503,"trigger_async_id":502,"async_type":"PROMISE"}
{"id":546,"timestamp":"2026-04-04T20:20:39.827Z","event":"async_destroy","app_code":false,"async_id":504,"trigger_async_id":248,"async_type":"PROMISE"}
{"id":547,"timestamp":"2026-04-04T20:20:39.827Z","event":"async_destroy","app_code":false,"async_id":505,"trigger_async_id":504,"async_type":"PROMISE"}
{"id":548,"timestamp":"2026-04-04T20:20:39.827Z","event":"async_destroy","app_code":false,"async_id":506,"trigger_async_id":250,"async_type":"PROMISE"}
{"id":549,"timestamp":"2026-04-04T20:20:39.827Z","event":"async_destroy","app_code":false,"async_id":507,"trigger_async_id":506,"async_type":"PROMISE"}
{"id":550,"timestamp":"2026-04-04T20:20:39.827Z","event":"async_destroy","app_code":false,"async_id":508,"trigger_async_id":252,"async_type":"PROMISE"}
{"id":551,"timestamp":"2026-04-04T20:20:39.827Z","event":"async_destroy","app_code":false,"async_id":509,"trigger_async_id":508,"async_type":"PROMISE"}
{"id":552,"timestamp":"2026-04-04T20:20:39.827Z","event":"async_destroy","app_code":false,"async_id":510,"trigger_async_id":259,"async_type":"PROMISE"}
{"id":553,"timestamp":"2026-04-04T20:20:39.827Z","event":"async_destroy","app_code":false,"async_id":511,"trigger_async_id":510,"async_type":"PROMISE"}
{"id":554,"timestamp":"2026-04-04T20:20:39.827Z","event":"async_destroy","app_code":false,"async_id":512,"trigger_async_id":264,"async_type":"PROMISE"}
{"id":555,"timestamp":"2026-04-04T20:20:39.827Z","event":"async_destroy","app_code":false,"async_id":513,"trigger_async_id":512,"async_type":"PROMISE"}
{"id":556,"timestamp":"2026-04-04T20:20:39.827Z","event":"async_destroy","app_code":false,"async_id":514,"trigger_async_id":282,"async_type":"PROMISE"}
{"id":557,"timestamp":"2026-04-04T20:20:39.827Z","event":"async_destroy","app_code":false,"async_id":515,"trigger_async_id":514,"async_type":"PROMISE"}
{"id":558,"timestamp":"2026-04-04T20:20:39.827Z","event":"async_destroy","app_code":false,"async_id":534,"trigger_async_id":278,"async_type":"TickObject"}
{"id":559,"timestamp":"2026-04-04T20:20:39.827Z","event":"async_destroy","app_code":false,"async_id":547,"trigger_async_id":536,"async_type":"Timeout"}
{"id":560,"timestamp":"2026-04-04T20:20:39.827Z","event":"async_destroy","app_code":false,"async_id":572,"trigger_async_id":548,"async_type":"TickObject"}
{"id":561,"timestamp":"2026-04-04T20:20:39.874Z","event":"async_before","app_code":false,"async_id":552,"trigger_async_id":257,"async_type":"Timeout"}
{"id":562,"timestamp":"2026-04-04T20:20:39.874Z","event":"async_promise_resolve","app_code":false,"async_id":551,"trigger_async_id":257,"async_type":"PROMISE"}
{"id":563,"timestamp":"2026-04-04T20:20:39.874Z","event":"async_after","app_code":false,"async_id":552,"trigger_async_id":257,"async_type":"Timeout"}
{"id":564,"timestamp":"2026-04-04T20:20:39.874Z","event":"async_before","app_code":false,"async_id":553,"trigger_async_id":551,"async_type":"PROMISE"}
{"id":565,"event":"trace_summary","timestamp":"2026-04-04T20:20:39.878Z","app_files":["/project/workspace/tracegraph/examples/hello_world.js"],"external_files":[],"methods_called":["Greeter"],"total_steps":564,"async_resource_count":569,"errors":[]}
